../Core/Src/main.c:80:6:ADC_Init	1
../Core/Src/main.c:83:6:HAL_ADC_ConvHalfCpltCallback	2
../Core/Src/main.c:96:6:HAL_ADC_ConvCpltCallback	2
../Core/Src/main.c:107:5:avrage_8	2
../Core/Src/main.c:124:5:main	4
../Core/Src/main.c:237:6:SystemClock_Config	3
../Core/Src/main.c:279:13:MX_ADC1_Init	10
../Core/Src/main.c:389:13:MX_USART3_UART_Init	2
../Core/Src/main.c:422:13:MX_DMA_Init	1
../Core/Src/main.c:444:13:MX_GPIO_Init	1
../Core/Src/main.c:476:6:MPU_Config	1
../Core/Src/main.c:507:6:Error_Handler	1
