../Core/Src/main.c:81:6:ADC_Init	1
../Core/Src/main.c:84:6:HAL_ADC_ConvHalfCpltCallback	2
../Core/Src/main.c:97:6:HAL_ADC_ConvCpltCallback	2
../Core/Src/main.c:103:5:avrage_8	2
../Core/Src/main.c:120:5:main	1
../Core/Src/main.c:217:6:SystemClock_Config	3
../Core/Src/main.c:259:13:MX_ADC1_Init	6
../Core/Src/main.c:336:13:MX_USART3_UART_Init	2
../Core/Src/main.c:369:13:MX_DMA_Init	1
../Core/Src/main.c:391:13:MX_GPIO_Init	1
../Core/Src/main.c:422:6:MPU_Config	1
../Core/Src/main.c:453:6:Error_Handler	1
