../Core/Src/main.c:80:6:ADC_Init	8	static
../Core/Src/main.c:83:6:HAL_ADC_ConvHalfCpltCallback	16	static
../Core/Src/main.c:96:6:HAL_ADC_ConvCpltCallback	16	static
../Core/Src/main.c:107:5:avrage_8	16	static
../Core/Src/main.c:124:5:main	56	static
../Core/Src/main.c:237:6:SystemClock_Config	88	static
../Core/Src/main.c:279:13:MX_ADC1_Init	24	static
../Core/Src/main.c:389:13:MX_USART3_UART_Init	8	static
../Core/Src/main.c:422:13:MX_DMA_Init	16	static
../Core/Src/main.c:444:13:MX_GPIO_Init	48	static
../Core/Src/main.c:476:6:MPU_Config	24	static
../Core/Src/main.c:507:6:Error_Handler	4	static,ignoring_inline_asm
