../Core/Src/main.c:81:6:ADC_Init	8	static
../Core/Src/main.c:84:6:HAL_ADC_ConvHalfCpltCallback	16	static
../Core/Src/main.c:97:6:HAL_ADC_ConvCpltCallback	16	static
../Core/Src/main.c:103:5:avrage_8	16	static
../Core/Src/main.c:120:5:main	8	static
../Core/Src/main.c:217:6:SystemClock_Config	88	static
../Core/Src/main.c:259:13:MX_ADC1_Init	24	static
../Core/Src/main.c:336:13:MX_USART3_UART_Init	8	static
../Core/Src/main.c:369:13:MX_DMA_Init	16	static
../Core/Src/main.c:391:13:MX_GPIO_Init	40	static
../Core/Src/main.c:422:6:MPU_Config	24	static
../Core/Src/main.c:453:6:Error_Handler	4	static,ignoring_inline_asm
