23:22:59 **** Incremental Build of configuration Debug for project Lab5 ****
make -j12 all 
arm-none-eabi-size  Lab5.elf 
   text	   data	    bss	    dec	    hex	filename
  15592	     12	   1780	  17384	   43e8	Lab5.elf
Finished building: default.size.stdout
 
14:11:15 **** Clean-only build of configuration Debug for project Lab5 ****
make -j12 clean 
rm -rf ./Drivers/STM32F7xx_HAL_Driver/Src/stm32f7xx_hal.cyclo ./Drivers/STM32F7xx_HAL_Driver/Src/stm32f7xx_hal.d ./Drivers/STM32F7xx_HAL_Driver/Src/stm32f7xx_hal.o ./Drivers/STM32F7xx_HAL_Driver/Src/stm32f7xx_hal.su ./Drivers/STM32F7xx_HAL_Driver/Src/stm32f7xx_hal_adc.cyclo ./Drivers/STM32F7xx_HAL_Driver/Src/stm32f7xx_hal_adc.d ./Drivers/STM32F7xx_HAL_Driver/Src/stm32f7xx_hal_adc.o ./Drivers/STM32F7xx_HAL_Driver/Src/stm32f7xx_hal_adc.su ./Drivers/STM32F7xx_HAL_Driver/Src/stm32f7xx_hal_adc_ex.cyclo ./Drivers/STM32F7xx_HAL_Driver/Src/stm32f7xx_hal_adc_ex.d ./Drivers/STM32F7xx_HAL_Driver/Src/stm32f7xx_hal_adc_ex.o ./Drivers/STM32F7xx_HAL_Driver/Src/stm32f7xx_hal_adc_ex.su ./Drivers/STM32F7xx_HAL_Driver/Src/stm32f7xx_hal_cortex.cyclo ./Drivers/STM32F7xx_HAL_Driver/Src/stm32f7xx_hal_cortex.d ./Drivers/STM32F7xx_HAL_Driver/Src/stm32f7xx_hal_cortex.o ./Drivers/STM32F7xx_HAL_Driver/Src/stm32f7xx_hal_cortex.su ./Drivers/STM32F7xx_HAL_Driver/Src/stm32f7xx_hal_dma.cyclo ./Drivers/STM32F7xx_HAL_Driver/Src/stm32f7xx_hal_dma.d ./Drivers/STM32F7xx_HAL_Driver/Src/stm32f7xx_hal_dma.o ./Drivers/STM32F7xx_HAL_Driver/Src/stm32f7xx_hal_dma.su ./Drivers/STM32F7xx_HAL_Driver/Src/stm32f7xx_hal_dma_ex.cyclo ./Drivers/STM32F7xx_HAL_Driver/Src/stm32f7xx_hal_dma_ex.d ./Drivers/STM32F7xx_HAL_Driver/Src/stm32f7xx_hal_dma_ex.o ./Drivers/STM32F7xx_HAL_Driver/Src/stm32f7xx_hal_dma_ex.su ./Drivers/STM32F7xx_HAL_Driver/Src/stm32f7xx_hal_exti.cyclo ./Drivers/STM32F7xx_HAL_Driver/Src/stm32f7xx_hal_exti.d ./Drivers/STM32F7xx_HAL_Driver/Src/stm32f7xx_hal_exti.o ./Drivers/STM32F7xx_HAL_Driver/Src/stm32f7xx_hal_exti.su ./Drivers/STM32F7xx_HAL_Driver/Src/stm32f7xx_hal_flash.cyclo ./Drivers/STM32F7xx_HAL_Driver/Src/stm32f7xx_hal_flash.d ./Drivers/STM32F7xx_HAL_Driver/Src/stm32f7xx_hal_flash.o ./Drivers/STM32F7xx_HAL_Driver/Src/stm32f7xx_hal_flash.su ./Drivers/STM32F7xx_HAL_Driver/Src/stm32f7xx_hal_flash_ex.cyclo ./Drivers/STM32F7xx_HAL_Driver/Src/stm32f7xx_hal_flash_ex.d ./Drivers/STM32F7xx_HAL_Driver/Src/stm32f7xx_hal_flash_ex.o ./Drivers/STM32F7xx_HAL_Driver/Src/stm32f7xx_hal_flash_ex.su ./Drivers/STM32F7xx_HAL_Driver/Src/stm32f7xx_hal_gpio.cyclo ./Drivers/STM32F7xx_HAL_Driver/Src/stm32f7xx_hal_gpio.d ./Drivers/STM32F7xx_HAL_Driver/Src/stm32f7xx_hal_gpio.o ./Drivers/STM32F7xx_HAL_Driver/Src/stm32f7xx_hal_gpio.su ./Drivers/STM32F7xx_HAL_Driver/Src/stm32f7xx_hal_i2c.cyclo ./Drivers/STM32F7xx_HAL_Driver/Src/stm32f7xx_hal_i2c.d ./Drivers/STM32F7xx_HAL_Driver/Src/stm32f7xx_hal_i2c.o ./Drivers/STM32F7xx_HAL_Driver/Src/stm32f7xx_hal_i2c.su ./Drivers/STM32F7xx_HAL_Driver/Src/stm32f7xx_hal_i2c_ex.cyclo ./Drivers/STM32F7xx_HAL_Driver/Src/stm32f7xx_hal_i2c_ex.d ./Drivers/STM32F7xx_HAL_Driver/Src/stm32f7xx_hal_i2c_ex.o ./Drivers/STM32F7xx_HAL_Driver/Src/stm32f7xx_hal_i2c_ex.su ./Drivers/STM32F7xx_HAL_Driver/Src/stm32f7xx_hal_pwr.cyclo ./Drivers/STM32F7xx_HAL_Driver/Src/stm32f7xx_hal_pwr.d ./Drivers/STM32F7xx_HAL_Driver/Src/stm32f7xx_hal_pwr.o ./Drivers/STM32F7xx_HAL_Driver/Src/stm32f7xx_hal_pwr.su ./Drivers/STM32F7xx_HAL_Driver/Src/stm32f7xx_hal_pwr_ex.cyclo ./Drivers/STM32F7xx_HAL_Driver/Src/stm32f7xx_hal_pwr_ex.d ./Drivers/STM32F7xx_HAL_Driver/Src/stm32f7xx_hal_pwr_ex.o ./Drivers/STM32F7xx_HAL_Driver/Src/stm32f7xx_hal_pwr_ex.su ./Drivers/STM32F7xx_HAL_Driver/Src/stm32f7xx_hal_rcc.cyclo ./Drivers/STM32F7xx_HAL_Driver/Src/stm32f7xx_hal_rcc.d ./Drivers/STM32F7xx_HAL_Driver/Src/stm32f7xx_hal_rcc.o ./Drivers/STM32F7xx_HAL_Driver/Src/stm32f7xx_hal_rcc.su ./Drivers/STM32F7xx_HAL_Driver/Src/stm32f7xx_hal_rcc_ex.cyclo ./Drivers/STM32F7xx_HAL_Driver/Src/stm32f7xx_hal_rcc_ex.d ./Drivers/STM32F7xx_HAL_Driver/Src/stm32f7xx_hal_rcc_ex.o ./Drivers/STM32F7xx_HAL_Driver/Src/stm32f7xx_hal_rcc_ex.su ./Drivers/STM32F7xx_HAL_Driver/Src/stm32f7xx_hal_uart.cyclo ./Drivers/STM32F7xx_HAL_Driver/Src/stm32f7xx_hal_uart.d ./Drivers/STM32F7xx_HAL_Driver/Src/stm32f7xx_hal_uart.o ./Drivers/STM32F7xx_HAL_Driver/Src/stm32f7xx_hal_uart.su ./Drivers/STM32F7xx_HAL_Driver/Src/stm32f7xx_hal_uart_ex.cyclo ./Drivers/STM32F7xx_HAL_Driver/Src/stm32f7xx_hal_uart_ex.d ./Drivers/STM32F7xx_HAL_Driver/Src/stm32f7xx_hal_uart_ex.o ./Drivers/STM32F7xx_HAL_Driver/Src/stm32f7xx_hal_uart_ex.su
rm -rf ./Core/Startup/startup_stm32f767zitx.d ./Core/Startup/startup_stm32f767zitx.o
rm -rf ./Core/Src/main.cyclo ./Core/Src/main.d ./Core/Src/main.o ./Core/Src/main.su ./Core/Src/stm32f7xx_hal_msp.cyclo ./Core/Src/stm32f7xx_hal_msp.d ./Core/Src/stm32f7xx_hal_msp.o ./Core/Src/stm32f7xx_hal_msp.su ./Core/Src/stm32f7xx_it.cyclo ./Core/Src/stm32f7xx_it.d ./Core/Src/stm32f7xx_it.o ./Core/Src/stm32f7xx_it.su ./Core/Src/syscalls.cyclo ./Core/Src/syscalls.d ./Core/Src/syscalls.o ./Core/Src/syscalls.su ./Core/Src/sysmem.cyclo ./Core/Src/sysmem.d ./Core/Src/sysmem.o ./Core/Src/sysmem.su ./Core/Src/system_stm32f7xx.cyclo ./Core/Src/system_stm32f7xx.d ./Core/Src/system_stm32f7xx.o ./Core/Src/system_stm32f7xx.su
rm -rf Lab5.elf Lab5.list Lab5.map default.size.stdout
 
14:11:16 **** Incremental Build of configuration Debug for project Lab5 ****
make -j12 all 
arm-none-eabi-gcc "../Drivers/STM32F7xx_HAL_Driver/Src/stm32f7xx_hal.c" -mcpu=cortex-m7 -std=gnu11 -g3 -DDEBUG -DUSE_HAL_DRIVER -DSTM32F767xx -c -I../Core/Inc -I../Drivers/STM32F7xx_HAL_Driver/Inc -I../Drivers/STM32F7xx_HAL_Driver/Inc/Legacy -I../Drivers/CMSIS/Device/ST/STM32F7xx/Include -I../Drivers/CMSIS/Include -O0 -ffunction-sections -fdata-sections -Wall -fstack-usage -fcyclomatic-complexity -MMD -MP -MF"Drivers/STM32F7xx_HAL_Driver/Src/stm32f7xx_hal.d" -MT"Drivers/STM32F7xx_HAL_Driver/Src/stm32f7xx_hal.o" --specs=nano.specs -mfpu=fpv5-d16 -mfloat-abi=hard -mthumb -o "Drivers/STM32F7xx_HAL_Driver/Src/stm32f7xx_hal.o"
arm-none-eabi-gcc "../Drivers/STM32F7xx_HAL_Driver/Src/stm32f7xx_hal_adc.c" -mcpu=cortex-m7 -std=gnu11 -g3 -DDEBUG -DUSE_HAL_DRIVER -DSTM32F767xx -c -I../Core/Inc -I../Drivers/STM32F7xx_HAL_Driver/Inc -I../Drivers/STM32F7xx_HAL_Driver/Inc/Legacy -I../Drivers/CMSIS/Device/ST/STM32F7xx/Include -I../Drivers/CMSIS/Include -O0 -ffunction-sections -fdata-sections -Wall -fstack-usage -fcyclomatic-complexity -MMD -MP -MF"Drivers/STM32F7xx_HAL_Driver/Src/stm32f7xx_hal_adc.d" -MT"Drivers/STM32F7xx_HAL_Driver/Src/stm32f7xx_hal_adc.o" --specs=nano.specs -mfpu=fpv5-d16 -mfloat-abi=hard -mthumb -o "Drivers/STM32F7xx_HAL_Driver/Src/stm32f7xx_hal_adc.o"
arm-none-eabi-gcc "../Drivers/STM32F7xx_HAL_Driver/Src/stm32f7xx_hal_adc_ex.c" -mcpu=cortex-m7 -std=gnu11 -g3 -DDEBUG -DUSE_HAL_DRIVER -DSTM32F767xx -c -I../Core/Inc -I../Drivers/STM32F7xx_HAL_Driver/Inc -I../Drivers/STM32F7xx_HAL_Driver/Inc/Legacy -I../Drivers/CMSIS/Device/ST/STM32F7xx/Include -I../Drivers/CMSIS/Include -O0 -ffunction-sections -fdata-sections -Wall -fstack-usage -fcyclomatic-complexity -MMD -MP -MF"Drivers/STM32F7xx_HAL_Driver/Src/stm32f7xx_hal_adc_ex.d" -MT"Drivers/STM32F7xx_HAL_Driver/Src/stm32f7xx_hal_adc_ex.o" --specs=nano.specs -mfpu=fpv5-d16 -mfloat-abi=hard -mthumb -o "Drivers/STM32F7xx_HAL_Driver/Src/stm32f7xx_hal_adc_ex.o"
arm-none-eabi-gcc "../Drivers/STM32F7xx_HAL_Driver/Src/stm32f7xx_hal_cortex.c" -mcpu=cortex-m7 -std=gnu11 -g3 -DDEBUG -DUSE_HAL_DRIVER -DSTM32F767xx -c -I../Core/Inc -I../Drivers/STM32F7xx_HAL_Driver/Inc -I../Drivers/STM32F7xx_HAL_Driver/Inc/Legacy -I../Drivers/CMSIS/Device/ST/STM32F7xx/Include -I../Drivers/CMSIS/Include -O0 -ffunction-sections -fdata-sections -Wall -fstack-usage -fcyclomatic-complexity -MMD -MP -MF"Drivers/STM32F7xx_HAL_Driver/Src/stm32f7xx_hal_cortex.d" -MT"Drivers/STM32F7xx_HAL_Driver/Src/stm32f7xx_hal_cortex.o" --specs=nano.specs -mfpu=fpv5-d16 -mfloat-abi=hard -mthumb -o "Drivers/STM32F7xx_HAL_Driver/Src/stm32f7xx_hal_cortex.o"
arm-none-eabi-gcc "../Drivers/STM32F7xx_HAL_Driver/Src/stm32f7xx_hal_dma.c" -mcpu=cortex-m7 -std=gnu11 -g3 -DDEBUG -DUSE_HAL_DRIVER -DSTM32F767xx -c -I../Core/Inc -I../Drivers/STM32F7xx_HAL_Driver/Inc -I../Drivers/STM32F7xx_HAL_Driver/Inc/Legacy -I../Drivers/CMSIS/Device/ST/STM32F7xx/Include -I../Drivers/CMSIS/Include -O0 -ffunction-sections -fdata-sections -Wall -fstack-usage -fcyclomatic-complexity -MMD -MP -MF"Drivers/STM32F7xx_HAL_Driver/Src/stm32f7xx_hal_dma.d" -MT"Drivers/STM32F7xx_HAL_Driver/Src/stm32f7xx_hal_dma.o" --specs=nano.specs -mfpu=fpv5-d16 -mfloat-abi=hard -mthumb -o "Drivers/STM32F7xx_HAL_Driver/Src/stm32f7xx_hal_dma.o"
arm-none-eabi-gcc "../Drivers/STM32F7xx_HAL_Driver/Src/stm32f7xx_hal_dma_ex.c" -mcpu=cortex-m7 -std=gnu11 -g3 -DDEBUG -DUSE_HAL_DRIVER -DSTM32F767xx -c -I../Core/Inc -I../Drivers/STM32F7xx_HAL_Driver/Inc -I../Drivers/STM32F7xx_HAL_Driver/Inc/Legacy -I../Drivers/CMSIS/Device/ST/STM32F7xx/Include -I../Drivers/CMSIS/Include -O0 -ffunction-sections -fdata-sections -Wall -fstack-usage -fcyclomatic-complexity -MMD -MP -MF"Drivers/STM32F7xx_HAL_Driver/Src/stm32f7xx_hal_dma_ex.d" -MT"Drivers/STM32F7xx_HAL_Driver/Src/stm32f7xx_hal_dma_ex.o" --specs=nano.specs -mfpu=fpv5-d16 -mfloat-abi=hard -mthumb -o "Drivers/STM32F7xx_HAL_Driver/Src/stm32f7xx_hal_dma_ex.o"
arm-none-eabi-gcc "../Drivers/STM32F7xx_HAL_Driver/Src/stm32f7xx_hal_exti.c" -mcpu=cortex-m7 -std=gnu11 -g3 -DDEBUG -DUSE_HAL_DRIVER -DSTM32F767xx -c -I../Core/Inc -I../Drivers/STM32F7xx_HAL_Driver/Inc -I../Drivers/STM32F7xx_HAL_Driver/Inc/Legacy -I../Drivers/CMSIS/Device/ST/STM32F7xx/Include -I../Drivers/CMSIS/Include -O0 -ffunction-sections -fdata-sections -Wall -fstack-usage -fcyclomatic-complexity -MMD -MP -MF"Drivers/STM32F7xx_HAL_Driver/Src/stm32f7xx_hal_exti.d" -MT"Drivers/STM32F7xx_HAL_Driver/Src/stm32f7xx_hal_exti.o" --specs=nano.specs -mfpu=fpv5-d16 -mfloat-abi=hard -mthumb -o "Drivers/STM32F7xx_HAL_Driver/Src/stm32f7xx_hal_exti.o"
arm-none-eabi-gcc "../Drivers/STM32F7xx_HAL_Driver/Src/stm32f7xx_hal_flash.c" -mcpu=cortex-m7 -std=gnu11 -g3 -DDEBUG -DUSE_HAL_DRIVER -DSTM32F767xx -c -I../Core/Inc -I../Drivers/STM32F7xx_HAL_Driver/Inc -I../Drivers/STM32F7xx_HAL_Driver/Inc/Legacy -I../Drivers/CMSIS/Device/ST/STM32F7xx/Include -I../Drivers/CMSIS/Include -O0 -ffunction-sections -fdata-sections -Wall -fstack-usage -fcyclomatic-complexity -MMD -MP -MF"Drivers/STM32F7xx_HAL_Driver/Src/stm32f7xx_hal_flash.d" -MT"Drivers/STM32F7xx_HAL_Driver/Src/stm32f7xx_hal_flash.o" --specs=nano.specs -mfpu=fpv5-d16 -mfloat-abi=hard -mthumb -o "Drivers/STM32F7xx_HAL_Driver/Src/stm32f7xx_hal_flash.o"
arm-none-eabi-gcc "../Drivers/STM32F7xx_HAL_Driver/Src/stm32f7xx_hal_flash_ex.c" -mcpu=cortex-m7 -std=gnu11 -g3 -DDEBUG -DUSE_HAL_DRIVER -DSTM32F767xx -c -I../Core/Inc -I../Drivers/STM32F7xx_HAL_Driver/Inc -I../Drivers/STM32F7xx_HAL_Driver/Inc/Legacy -I../Drivers/CMSIS/Device/ST/STM32F7xx/Include -I../Drivers/CMSIS/Include -O0 -ffunction-sections -fdata-sections -Wall -fstack-usage -fcyclomatic-complexity -MMD -MP -MF"Drivers/STM32F7xx_HAL_Driver/Src/stm32f7xx_hal_flash_ex.d" -MT"Drivers/STM32F7xx_HAL_Driver/Src/stm32f7xx_hal_flash_ex.o" --specs=nano.specs -mfpu=fpv5-d16 -mfloat-abi=hard -mthumb -o "Drivers/STM32F7xx_HAL_Driver/Src/stm32f7xx_hal_flash_ex.o"
arm-none-eabi-gcc "../Drivers/STM32F7xx_HAL_Driver/Src/stm32f7xx_hal_gpio.c" -mcpu=cortex-m7 -std=gnu11 -g3 -DDEBUG -DUSE_HAL_DRIVER -DSTM32F767xx -c -I../Core/Inc -I../Drivers/STM32F7xx_HAL_Driver/Inc -I../Drivers/STM32F7xx_HAL_Driver/Inc/Legacy -I../Drivers/CMSIS/Device/ST/STM32F7xx/Include -I../Drivers/CMSIS/Include -O0 -ffunction-sections -fdata-sections -Wall -fstack-usage -fcyclomatic-complexity -MMD -MP -MF"Drivers/STM32F7xx_HAL_Driver/Src/stm32f7xx_hal_gpio.d" -MT"Drivers/STM32F7xx_HAL_Driver/Src/stm32f7xx_hal_gpio.o" --specs=nano.specs -mfpu=fpv5-d16 -mfloat-abi=hard -mthumb -o "Drivers/STM32F7xx_HAL_Driver/Src/stm32f7xx_hal_gpio.o"
arm-none-eabi-gcc "../Drivers/STM32F7xx_HAL_Driver/Src/stm32f7xx_hal_i2c.c" -mcpu=cortex-m7 -std=gnu11 -g3 -DDEBUG -DUSE_HAL_DRIVER -DSTM32F767xx -c -I../Core/Inc -I../Drivers/STM32F7xx_HAL_Driver/Inc -I../Drivers/STM32F7xx_HAL_Driver/Inc/Legacy -I../Drivers/CMSIS/Device/ST/STM32F7xx/Include -I../Drivers/CMSIS/Include -O0 -ffunction-sections -fdata-sections -Wall -fstack-usage -fcyclomatic-complexity -MMD -MP -MF"Drivers/STM32F7xx_HAL_Driver/Src/stm32f7xx_hal_i2c.d" -MT"Drivers/STM32F7xx_HAL_Driver/Src/stm32f7xx_hal_i2c.o" --specs=nano.specs -mfpu=fpv5-d16 -mfloat-abi=hard -mthumb -o "Drivers/STM32F7xx_HAL_Driver/Src/stm32f7xx_hal_i2c.o"
arm-none-eabi-gcc "../Drivers/STM32F7xx_HAL_Driver/Src/stm32f7xx_hal_i2c_ex.c" -mcpu=cortex-m7 -std=gnu11 -g3 -DDEBUG -DUSE_HAL_DRIVER -DSTM32F767xx -c -I../Core/Inc -I../Drivers/STM32F7xx_HAL_Driver/Inc -I../Drivers/STM32F7xx_HAL_Driver/Inc/Legacy -I../Drivers/CMSIS/Device/ST/STM32F7xx/Include -I../Drivers/CMSIS/Include -O0 -ffunction-sections -fdata-sections -Wall -fstack-usage -fcyclomatic-complexity -MMD -MP -MF"Drivers/STM32F7xx_HAL_Driver/Src/stm32f7xx_hal_i2c_ex.d" -MT"Drivers/STM32F7xx_HAL_Driver/Src/stm32f7xx_hal_i2c_ex.o" --specs=nano.specs -mfpu=fpv5-d16 -mfloat-abi=hard -mthumb -o "Drivers/STM32F7xx_HAL_Driver/Src/stm32f7xx_hal_i2c_ex.o"
arm-none-eabi-gcc "../Drivers/STM32F7xx_HAL_Driver/Src/stm32f7xx_hal_pwr.c" -mcpu=cortex-m7 -std=gnu11 -g3 -DDEBUG -DUSE_HAL_DRIVER -DSTM32F767xx -c -I../Core/Inc -I../Drivers/STM32F7xx_HAL_Driver/Inc -I../Drivers/STM32F7xx_HAL_Driver/Inc/Legacy -I../Drivers/CMSIS/Device/ST/STM32F7xx/Include -I../Drivers/CMSIS/Include -O0 -ffunction-sections -fdata-sections -Wall -fstack-usage -fcyclomatic-complexity -MMD -MP -MF"Drivers/STM32F7xx_HAL_Driver/Src/stm32f7xx_hal_pwr.d" -MT"Drivers/STM32F7xx_HAL_Driver/Src/stm32f7xx_hal_pwr.o" --specs=nano.specs -mfpu=fpv5-d16 -mfloat-abi=hard -mthumb -o "Drivers/STM32F7xx_HAL_Driver/Src/stm32f7xx_hal_pwr.o"
arm-none-eabi-gcc "../Drivers/STM32F7xx_HAL_Driver/Src/stm32f7xx_hal_pwr_ex.c" -mcpu=cortex-m7 -std=gnu11 -g3 -DDEBUG -DUSE_HAL_DRIVER -DSTM32F767xx -c -I../Core/Inc -I../Drivers/STM32F7xx_HAL_Driver/Inc -I../Drivers/STM32F7xx_HAL_Driver/Inc/Legacy -I../Drivers/CMSIS/Device/ST/STM32F7xx/Include -I../Drivers/CMSIS/Include -O0 -ffunction-sections -fdata-sections -Wall -fstack-usage -fcyclomatic-complexity -MMD -MP -MF"Drivers/STM32F7xx_HAL_Driver/Src/stm32f7xx_hal_pwr_ex.d" -MT"Drivers/STM32F7xx_HAL_Driver/Src/stm32f7xx_hal_pwr_ex.o" --specs=nano.specs -mfpu=fpv5-d16 -mfloat-abi=hard -mthumb -o "Drivers/STM32F7xx_HAL_Driver/Src/stm32f7xx_hal_pwr_ex.o"
arm-none-eabi-gcc "../Drivers/STM32F7xx_HAL_Driver/Src/stm32f7xx_hal_rcc.c" -mcpu=cortex-m7 -std=gnu11 -g3 -DDEBUG -DUSE_HAL_DRIVER -DSTM32F767xx -c -I../Core/Inc -I../Drivers/STM32F7xx_HAL_Driver/Inc -I../Drivers/STM32F7xx_HAL_Driver/Inc/Legacy -I../Drivers/CMSIS/Device/ST/STM32F7xx/Include -I../Drivers/CMSIS/Include -O0 -ffunction-sections -fdata-sections -Wall -fstack-usage -fcyclomatic-complexity -MMD -MP -MF"Drivers/STM32F7xx_HAL_Driver/Src/stm32f7xx_hal_rcc.d" -MT"Drivers/STM32F7xx_HAL_Driver/Src/stm32f7xx_hal_rcc.o" --specs=nano.specs -mfpu=fpv5-d16 -mfloat-abi=hard -mthumb -o "Drivers/STM32F7xx_HAL_Driver/Src/stm32f7xx_hal_rcc.o"
arm-none-eabi-gcc "../Drivers/STM32F7xx_HAL_Driver/Src/stm32f7xx_hal_rcc_ex.c" -mcpu=cortex-m7 -std=gnu11 -g3 -DDEBUG -DUSE_HAL_DRIVER -DSTM32F767xx -c -I../Core/Inc -I../Drivers/STM32F7xx_HAL_Driver/Inc -I../Drivers/STM32F7xx_HAL_Driver/Inc/Legacy -I../Drivers/CMSIS/Device/ST/STM32F7xx/Include -I../Drivers/CMSIS/Include -O0 -ffunction-sections -fdata-sections -Wall -fstack-usage -fcyclomatic-complexity -MMD -MP -MF"Drivers/STM32F7xx_HAL_Driver/Src/stm32f7xx_hal_rcc_ex.d" -MT"Drivers/STM32F7xx_HAL_Driver/Src/stm32f7xx_hal_rcc_ex.o" --specs=nano.specs -mfpu=fpv5-d16 -mfloat-abi=hard -mthumb -o "Drivers/STM32F7xx_HAL_Driver/Src/stm32f7xx_hal_rcc_ex.o"
arm-none-eabi-gcc "../Drivers/STM32F7xx_HAL_Driver/Src/stm32f7xx_hal_uart.c" -mcpu=cortex-m7 -std=gnu11 -g3 -DDEBUG -DUSE_HAL_DRIVER -DSTM32F767xx -c -I../Core/Inc -I../Drivers/STM32F7xx_HAL_Driver/Inc -I../Drivers/STM32F7xx_HAL_Driver/Inc/Legacy -I../Drivers/CMSIS/Device/ST/STM32F7xx/Include -I../Drivers/CMSIS/Include -O0 -ffunction-sections -fdata-sections -Wall -fstack-usage -fcyclomatic-complexity -MMD -MP -MF"Drivers/STM32F7xx_HAL_Driver/Src/stm32f7xx_hal_uart.d" -MT"Drivers/STM32F7xx_HAL_Driver/Src/stm32f7xx_hal_uart.o" --specs=nano.specs -mfpu=fpv5-d16 -mfloat-abi=hard -mthumb -o "Drivers/STM32F7xx_HAL_Driver/Src/stm32f7xx_hal_uart.o"
arm-none-eabi-gcc "../Drivers/STM32F7xx_HAL_Driver/Src/stm32f7xx_hal_uart_ex.c" -mcpu=cortex-m7 -std=gnu11 -g3 -DDEBUG -DUSE_HAL_DRIVER -DSTM32F767xx -c -I../Core/Inc -I../Drivers/STM32F7xx_HAL_Driver/Inc -I../Drivers/STM32F7xx_HAL_Driver/Inc/Legacy -I../Drivers/CMSIS/Device/ST/STM32F7xx/Include -I../Drivers/CMSIS/Include -O0 -ffunction-sections -fdata-sections -Wall -fstack-usage -fcyclomatic-complexity -MMD -MP -MF"Drivers/STM32F7xx_HAL_Driver/Src/stm32f7xx_hal_uart_ex.d" -MT"Drivers/STM32F7xx_HAL_Driver/Src/stm32f7xx_hal_uart_ex.o" --specs=nano.specs -mfpu=fpv5-d16 -mfloat-abi=hard -mthumb -o "Drivers/STM32F7xx_HAL_Driver/Src/stm32f7xx_hal_uart_ex.o"
arm-none-eabi-gcc -mcpu=cortex-m7 -g3 -DDEBUG -c -x assembler-with-cpp -MMD -MP -MF"Core/Startup/startup_stm32f767zitx.d" -MT"Core/Startup/startup_stm32f767zitx.o" --specs=nano.specs -mfpu=fpv5-d16 -mfloat-abi=hard -mthumb -o "Core/Startup/startup_stm32f767zitx.o" "../Core/Startup/startup_stm32f767zitx.s"
arm-none-eabi-gcc "../Core/Src/main.c" -mcpu=cortex-m7 -std=gnu11 -g3 -DDEBUG -DUSE_HAL_DRIVER -DSTM32F767xx -c -I../Core/Inc -I../Drivers/STM32F7xx_HAL_Driver/Inc -I../Drivers/STM32F7xx_HAL_Driver/Inc/Legacy -I../Drivers/CMSIS/Device/ST/STM32F7xx/Include -I../Drivers/CMSIS/Include -O0 -ffunction-sections -fdata-sections -Wall -fstack-usage -fcyclomatic-complexity -MMD -MP -MF"Core/Src/main.d" -MT"Core/Src/main.o" --specs=nano.specs -mfpu=fpv5-d16 -mfloat-abi=hard -mthumb -o "Core/Src/main.o"
arm-none-eabi-gcc "../Core/Src/stm32f7xx_hal_msp.c" -mcpu=cortex-m7 -std=gnu11 -g3 -DDEBUG -DUSE_HAL_DRIVER -DSTM32F767xx -c -I../Core/Inc -I../Drivers/STM32F7xx_HAL_Driver/Inc -I../Drivers/STM32F7xx_HAL_Driver/Inc/Legacy -I../Drivers/CMSIS/Device/ST/STM32F7xx/Include -I../Drivers/CMSIS/Include -O0 -ffunction-sections -fdata-sections -Wall -fstack-usage -fcyclomatic-complexity -MMD -MP -MF"Core/Src/stm32f7xx_hal_msp.d" -MT"Core/Src/stm32f7xx_hal_msp.o" --specs=nano.specs -mfpu=fpv5-d16 -mfloat-abi=hard -mthumb -o "Core/Src/stm32f7xx_hal_msp.o"
arm-none-eabi-gcc "../Core/Src/stm32f7xx_it.c" -mcpu=cortex-m7 -std=gnu11 -g3 -DDEBUG -DUSE_HAL_DRIVER -DSTM32F767xx -c -I../Core/Inc -I../Drivers/STM32F7xx_HAL_Driver/Inc -I../Drivers/STM32F7xx_HAL_Driver/Inc/Legacy -I../Drivers/CMSIS/Device/ST/STM32F7xx/Include -I../Drivers/CMSIS/Include -O0 -ffunction-sections -fdata-sections -Wall -fstack-usage -fcyclomatic-complexity -MMD -MP -MF"Core/Src/stm32f7xx_it.d" -MT"Core/Src/stm32f7xx_it.o" --specs=nano.specs -mfpu=fpv5-d16 -mfloat-abi=hard -mthumb -o "Core/Src/stm32f7xx_it.o"
arm-none-eabi-gcc "../Core/Src/syscalls.c" -mcpu=cortex-m7 -std=gnu11 -g3 -DDEBUG -DUSE_HAL_DRIVER -DSTM32F767xx -c -I../Core/Inc -I../Drivers/STM32F7xx_HAL_Driver/Inc -I../Drivers/STM32F7xx_HAL_Driver/Inc/Legacy -I../Drivers/CMSIS/Device/ST/STM32F7xx/Include -I../Drivers/CMSIS/Include -O0 -ffunction-sections -fdata-sections -Wall -fstack-usage -fcyclomatic-complexity -MMD -MP -MF"Core/Src/syscalls.d" -MT"Core/Src/syscalls.o" --specs=nano.specs -mfpu=fpv5-d16 -mfloat-abi=hard -mthumb -o "Core/Src/syscalls.o"
arm-none-eabi-gcc "../Core/Src/sysmem.c" -mcpu=cortex-m7 -std=gnu11 -g3 -DDEBUG -DUSE_HAL_DRIVER -DSTM32F767xx -c -I../Core/Inc -I../Drivers/STM32F7xx_HAL_Driver/Inc -I../Drivers/STM32F7xx_HAL_Driver/Inc/Legacy -I../Drivers/CMSIS/Device/ST/STM32F7xx/Include -I../Drivers/CMSIS/Include -O0 -ffunction-sections -fdata-sections -Wall -fstack-usage -fcyclomatic-complexity -MMD -MP -MF"Core/Src/sysmem.d" -MT"Core/Src/sysmem.o" --specs=nano.specs -mfpu=fpv5-d16 -mfloat-abi=hard -mthumb -o "Core/Src/sysmem.o"
arm-none-eabi-gcc "../Core/Src/system_stm32f7xx.c" -mcpu=cortex-m7 -std=gnu11 -g3 -DDEBUG -DUSE_HAL_DRIVER -DSTM32F767xx -c -I../Core/Inc -I../Drivers/STM32F7xx_HAL_Driver/Inc -I../Drivers/STM32F7xx_HAL_Driver/Inc/Legacy -I../Drivers/CMSIS/Device/ST/STM32F7xx/Include -I../Drivers/CMSIS/Include -O0 -ffunction-sections -fdata-sections -Wall -fstack-usage -fcyclomatic-complexity -MMD -MP -MF"Core/Src/system_stm32f7xx.d" -MT"Core/Src/system_stm32f7xx.o" --specs=nano.specs -mfpu=fpv5-d16 -mfloat-abi=hard -mthumb -o "Core/Src/system_stm32f7xx.o"
../Core/Src/main.c: In function 'inputText':
../Core/Src/main.c:127:43: warning: passing argument 1 of 'sprintf' from incompatible pointer type [-Wincompatible-pointer-types]
  127 |                                   sprintf(msg, sizeof(msg), "0x%X", rx_message);
      |                                           ^~~
      |                                           |
      |                                           char **
In file included from ../Core/Src/main.c:24:
C:\ST\STM32CubeIDE_1.17.0\STM32CubeIDE\plugins\com.st.stm32cube.ide.mcu.externaltools.gnu-tools-for-stm32.12.3.rel1.win32_1.1.0.202410251130\tools\bin/../lib/gcc/arm-none-eabi/12.3.1/../../../../arm-none-eabi/include/stdio.h:250:18: note: expected 'char * restrict' but argument is of type 'char **'
  250 | int     sprintf (char *__restrict, const char *__restrict, ...)
      |                  ^
../Core/Src/main.c:127:48: warning: passing argument 2 of 'sprintf' makes pointer from integer without a cast [-Wint-conversion]
  127 |                                   sprintf(msg, sizeof(msg), "0x%X", rx_message);
      |                                                ^~~~~~~~~~~
      |                                                |
      |                                                unsigned int
C:\ST\STM32CubeIDE_1.17.0\STM32CubeIDE\plugins\com.st.stm32cube.ide.mcu.externaltools.gnu-tools-for-stm32.12.3.rel1.win32_1.1.0.202410251130\tools\bin/../lib/gcc/arm-none-eabi/12.3.1/../../../../arm-none-eabi/include/stdio.h:250:36: note: expected 'const char * restrict' but argument is of type 'unsigned int'
  250 | int     sprintf (char *__restrict, const char *__restrict, ...)
      |                                    ^
../Core/Src/main.c:128:62: warning: passing argument 2 of 'HAL_UART_Transmit' from incompatible pointer type [-Wincompatible-pointer-types]
  128 |                                   HAL_UART_Transmit(&huart3, msg, sizeof(msg), HAL_MAX_DELAY);
      |                                                              ^~~
      |                                                              |
      |                                                              char **
In file included from ../Core/Inc/stm32f7xx_hal_conf.h:415,
                 from ../Drivers/STM32F7xx_HAL_Driver/Inc/stm32f7xx_hal.h:29,
                 from ../Core/Inc/main.h:30,
                 from ../Core/Src/main.c:20:
../Drivers/STM32F7xx_HAL_Driver/Inc/stm32f7xx_hal_uart.h:1553:79: note: expected 'const uint8_t *' {aka 'const unsigned char *'} but argument is of type 'char **'
 1553 | HAL_StatusTypeDef HAL_UART_Transmit(UART_HandleTypeDef *huart, const uint8_t *pData, uint16_t Size, uint32_t Timeout);
      |                                                                ~~~~~~~~~~~~~~~^~~~~
../Core/Src/main.c:101:13: warning: variable 'len_rx' set but not used [-Wunused-but-set-variable]
  101 |         int len_rx = 0;
      |             ^~~~~~
../Core/Src/main.c: In function 'main':
../Core/Src/main.c:196:58: warning: format '%s' expects a matching 'char *' argument [-Wformat=]
  196 |           snprintf(message, sizeof(message), "ADC1_CH10 %s Vin = %.2f V")
      |                                                         ~^
      |                                                          |
      |                                                          char *
../Core/Src/main.c:196:69: warning: format '%f' expects a matching 'double' argument [-Wformat=]
  196 |           snprintf(message, sizeof(message), "ADC1_CH10 %s Vin = %.2f V")
      |                                                                  ~~~^
      |                                                                     |
      |                                                                     double
../Core/Src/main.c:196:74: error: expected ';' before 'HAL_UART_Transmit'
  196 |           snprintf(message, sizeof(message), "ADC1_CH10 %s Vin = %.2f V")
      |                                                                          ^
      |                                                                          ;
  197 |           HAL_UART_Transmit(&huart3, (uint8_t *)message, sizeof(message), HAL_MAX_DELAY);
      |           ~~~~~~~~~~~~~~~~~                                               
make: *** [Core/Src/subdir.mk:34: Core/Src/main.o] Error 1
make: *** Waiting for unfinished jobs....
"make -j12 all" terminated with exit code 2. Build might be incomplete.
14:11:19 **** Incremental Build of configuration Debug for project Lab5 ****
make -j12 all 
arm-none-eabi-gcc "../Core/Src/main.c" -mcpu=cortex-m7 -std=gnu11 -g3 -DDEBUG -DUSE_HAL_DRIVER -DSTM32F767xx -c -I../Core/Inc -I../Drivers/STM32F7xx_HAL_Driver/Inc -I../Drivers/STM32F7xx_HAL_Driver/Inc/Legacy -I../Drivers/CMSIS/Device/ST/STM32F7xx/Include -I../Drivers/CMSIS/Include -O0 -ffunction-sections -fdata-sections -Wall -fstack-usage -fcyclomatic-complexity -MMD -MP -MF"Core/Src/main.d" -MT"Core/Src/main.o" --specs=nano.specs -mfpu=fpv5-d16 -mfloat-abi=hard -mthumb -o "Core/Src/main.o"
../Core/Src/main.c: In function 'inputText':
../Core/Src/main.c:127:43: warning: passing argument 1 of 'sprintf' from incompatible pointer type [-Wincompatible-pointer-types]
  127 |                                   sprintf(msg, sizeof(msg), "0x%X", rx_message);
      |                                           ^~~
      |                                           |
      |                                           char **
In file included from ../Core/Src/main.c:24:
C:\ST\STM32CubeIDE_1.17.0\STM32CubeIDE\plugins\com.st.stm32cube.ide.mcu.externaltools.gnu-tools-for-stm32.12.3.rel1.win32_1.1.0.202410251130\tools\bin/../lib/gcc/arm-none-eabi/12.3.1/../../../../arm-none-eabi/include/stdio.h:250:18: note: expected 'char * restrict' but argument is of type 'char **'
  250 | int     sprintf (char *__restrict, const char *__restrict, ...)
      |                  ^
../Core/Src/main.c:127:48: warning: passing argument 2 of 'sprintf' makes pointer from integer without a cast [-Wint-conversion]
  127 |                                   sprintf(msg, sizeof(msg), "0x%X", rx_message);
      |                                                ^~~~~~~~~~~
      |                                                |
      |                                                unsigned int
C:\ST\STM32CubeIDE_1.17.0\STM32CubeIDE\plugins\com.st.stm32cube.ide.mcu.externaltools.gnu-tools-for-stm32.12.3.rel1.win32_1.1.0.202410251130\tools\bin/../lib/gcc/arm-none-eabi/12.3.1/../../../../arm-none-eabi/include/stdio.h:250:36: note: expected 'const char * restrict' but argument is of type 'unsigned int'
  250 | int     sprintf (char *__restrict, const char *__restrict, ...)
      |                                    ^
../Core/Src/main.c:128:62: warning: passing argument 2 of 'HAL_UART_Transmit' from incompatible pointer type [-Wincompatible-pointer-types]
  128 |                                   HAL_UART_Transmit(&huart3, msg, sizeof(msg), HAL_MAX_DELAY);
      |                                                              ^~~
      |                                                              |
      |                                                              char **
In file included from ../Core/Inc/stm32f7xx_hal_conf.h:415,
                 from ../Drivers/STM32F7xx_HAL_Driver/Inc/stm32f7xx_hal.h:29,
                 from ../Core/Inc/main.h:30,
                 from ../Core/Src/main.c:20:
../Drivers/STM32F7xx_HAL_Driver/Inc/stm32f7xx_hal_uart.h:1553:79: note: expected 'const uint8_t *' {aka 'const unsigned char *'} but argument is of type 'char **'
 1553 | HAL_StatusTypeDef HAL_UART_Transmit(UART_HandleTypeDef *huart, const uint8_t *pData, uint16_t Size, uint32_t Timeout);
      |                                                                ~~~~~~~~~~~~~~~^~~~~
../Core/Src/main.c:101:13: warning: variable 'len_rx' set but not used [-Wunused-but-set-variable]
  101 |         int len_rx = 0;
      |             ^~~~~~
../Core/Src/main.c: In function 'main':
../Core/Src/main.c:196:58: warning: format '%s' expects a matching 'char *' argument [-Wformat=]
  196 |           snprintf(message, sizeof(message), "ADC1_CH10 %s Vin = %.2f V");
      |                                                         ~^
      |                                                          |
      |                                                          char *
../Core/Src/main.c:196:69: warning: format '%f' expects a matching 'double' argument [-Wformat=]
  196 |           snprintf(message, sizeof(message), "ADC1_CH10 %s Vin = %.2f V");
      |                                                                  ~~~^
      |                                                                     |
      |                                                                     double
arm-none-eabi-gcc -o "Lab5.elf" @"objects.list"   -mcpu=cortex-m7 -T"D:\STM32\Lab5\Lab5\STM32F767ZITX_FLASH.ld" --specs=nosys.specs -Wl,-Map="Lab5.map" -Wl,--gc-sections -static --specs=nano.specs -mfpu=fpv5-d16 -mfloat-abi=hard -mthumb -Wl,--start-group -lc -lm -Wl,--end-group
Finished building target: Lab5.elf
 
arm-none-eabi-size  Lab5.elf 
arm-none-eabi-objdump -h -S Lab5.elf  > "Lab5.list"
   text	   data	    bss	    dec	    hex	filename
  18692	     92	   2220	  21004	   520c	Lab5.elf
Finished building: default.size.stdout
 
Finished building: Lab5.list
 
14:13:57 **** Incremental Build of configuration Debug for project Lab5 ****
make -j12 all 
arm-none-eabi-gcc "../Core/Src/main.c" -mcpu=cortex-m7 -std=gnu11 -g3 -DDEBUG -DUSE_HAL_DRIVER -DSTM32F767xx -c -I../Core/Inc -I../Drivers/STM32F7xx_HAL_Driver/Inc -I../Drivers/STM32F7xx_HAL_Driver/Inc/Legacy -I../Drivers/CMSIS/Device/ST/STM32F7xx/Include -I../Drivers/CMSIS/Include -O0 -ffunction-sections -fdata-sections -Wall -fstack-usage -fcyclomatic-complexity -MMD -MP -MF"Core/Src/main.d" -MT"Core/Src/main.o" --specs=nano.specs -mfpu=fpv5-d16 -mfloat-abi=hard -mthumb -o "Core/Src/main.o"
../Core/Src/main.c: In function 'inputText':
../Core/Src/main.c:129:43: warning: passing argument 1 of 'sprintf' from incompatible pointer type [-Wincompatible-pointer-types]
  129 |                                   sprintf(msg, sizeof(msg), "0x%X", rx_message);
      |                                           ^~~
      |                                           |
      |                                           char **
In file included from ../Core/Src/main.c:24:
C:\ST\STM32CubeIDE_1.17.0\STM32CubeIDE\plugins\com.st.stm32cube.ide.mcu.externaltools.gnu-tools-for-stm32.12.3.rel1.win32_1.1.0.202410251130\tools\bin/../lib/gcc/arm-none-eabi/12.3.1/../../../../arm-none-eabi/include/stdio.h:250:18: note: expected 'char * restrict' but argument is of type 'char **'
  250 | int     sprintf (char *__restrict, const char *__restrict, ...)
      |                  ^
../Core/Src/main.c:129:48: warning: passing argument 2 of 'sprintf' makes pointer from integer without a cast [-Wint-conversion]
  129 |                                   sprintf(msg, sizeof(msg), "0x%X", rx_message);
      |                                                ^~~~~~~~~~~
      |                                                |
      |                                                unsigned int
C:\ST\STM32CubeIDE_1.17.0\STM32CubeIDE\plugins\com.st.stm32cube.ide.mcu.externaltools.gnu-tools-for-stm32.12.3.rel1.win32_1.1.0.202410251130\tools\bin/../lib/gcc/arm-none-eabi/12.3.1/../../../../arm-none-eabi/include/stdio.h:250:36: note: expected 'const char * restrict' but argument is of type 'unsigned int'
  250 | int     sprintf (char *__restrict, const char *__restrict, ...)
      |                                    ^
../Core/Src/main.c:130:62: warning: passing argument 2 of 'HAL_UART_Transmit' from incompatible pointer type [-Wincompatible-pointer-types]
  130 |                                   HAL_UART_Transmit(&huart3, msg, sizeof(msg), HAL_MAX_DELAY);
      |                                                              ^~~
      |                                                              |
      |                                                              char **
In file included from ../Core/Inc/stm32f7xx_hal_conf.h:415,
                 from ../Drivers/STM32F7xx_HAL_Driver/Inc/stm32f7xx_hal.h:29,
                 from ../Core/Inc/main.h:30,
                 from ../Core/Src/main.c:20:
../Drivers/STM32F7xx_HAL_Driver/Inc/stm32f7xx_hal_uart.h:1553:79: note: expected 'const uint8_t *' {aka 'const unsigned char *'} but argument is of type 'char **'
 1553 | HAL_StatusTypeDef HAL_UART_Transmit(UART_HandleTypeDef *huart, const uint8_t *pData, uint16_t Size, uint32_t Timeout);
      |                                                                ~~~~~~~~~~~~~~~^~~~~
../Core/Src/main.c:103:13: warning: variable 'len_rx' set but not used [-Wunused-but-set-variable]
  103 |         int len_rx = 0;
      |             ^~~~~~
../Core/Src/main.c: In function 'main':
../Core/Src/main.c:199:57: warning: '%s' directive output may be truncated writing up to 99 bytes into a region of size 90 [-Wformat-truncation=]
  199 |           snprintf(message, sizeof(message), "ADC1_CH10 %s Vin = %.2f V", hexBuffer, voltage);
      |                                                         ^~                ~~~~~~~~~
../Core/Src/main.c:199:46: note: assuming directive output of 4 bytes
  199 |           snprintf(message, sizeof(message), "ADC1_CH10 %s Vin = %.2f V", hexBuffer, voltage);
      |                                              ^~~~~~~~~~~~~~~~~~~~~~~~~~~
../Core/Src/main.c:199:11: note: 'snprintf' output between 23 and 432 bytes into a destination of size 100
  199 |           snprintf(message, sizeof(message), "ADC1_CH10 %s Vin = %.2f V", hexBuffer, voltage);
      |           ^~~~~~~~~~~~~~~~~~~~~~~~~~~~~~~~~~~~~~~~~~~~~~~~~~~~~~~~~~~~~~~~~~~~~~~~~~~~~~~~~~~
arm-none-eabi-gcc -o "Lab5.elf" @"objects.list"   -mcpu=cortex-m7 -T"D:\STM32\Lab5\Lab5\STM32F767ZITX_FLASH.ld" --specs=nosys.specs -Wl,-Map="Lab5.map" -Wl,--gc-sections -static --specs=nano.specs -mfpu=fpv5-d16 -mfloat-abi=hard -mthumb -Wl,--start-group -lc -lm -Wl,--end-group
Finished building target: Lab5.elf
 
arm-none-eabi-size  Lab5.elf 
arm-none-eabi-objdump -h -S Lab5.elf  > "Lab5.list"
   text	   data	    bss	    dec	    hex	filename
  18824	     92	   2316	  21232	   52f0	Lab5.elf
Finished building: default.size.stdout
 
Finished building: Lab5.list
 
14:14:03 **** Incremental Build of configuration Debug for project Lab5 ****
make -j12 all 
arm-none-eabi-size  Lab5.elf 
   text	   data	    bss	    dec	    hex	filename
  18824	     92	   2316	  21232	   52f0	Lab5.elf
Finished building: default.size.stdout
 
14:14:49 **** Incremental Build of configuration Debug for project Lab5 ****
make -j12 all 
arm-none-eabi-gcc "../Core/Src/main.c" -mcpu=cortex-m7 -std=gnu11 -g3 -DDEBUG -DUSE_HAL_DRIVER -DSTM32F767xx -c -I../Core/Inc -I../Drivers/STM32F7xx_HAL_Driver/Inc -I../Drivers/STM32F7xx_HAL_Driver/Inc/Legacy -I../Drivers/CMSIS/Device/ST/STM32F7xx/Include -I../Drivers/CMSIS/Include -O0 -ffunction-sections -fdata-sections -Wall -fstack-usage -fcyclomatic-complexity -MMD -MP -MF"Core/Src/main.d" -MT"Core/Src/main.o" --specs=nano.specs -mfpu=fpv5-d16 -mfloat-abi=hard -mthumb -o "Core/Src/main.o"
../Core/Src/main.c: In function 'inputText':
../Core/Src/main.c:129:43: warning: passing argument 1 of 'sprintf' from incompatible pointer type [-Wincompatible-pointer-types]
  129 |                                   sprintf(msg, sizeof(msg), "0x%X", rx_message);
      |                                           ^~~
      |                                           |
      |                                           char **
In file included from ../Core/Src/main.c:24:
C:\ST\STM32CubeIDE_1.17.0\STM32CubeIDE\plugins\com.st.stm32cube.ide.mcu.externaltools.gnu-tools-for-stm32.12.3.rel1.win32_1.1.0.202410251130\tools\bin/../lib/gcc/arm-none-eabi/12.3.1/../../../../arm-none-eabi/include/stdio.h:250:18: note: expected 'char * restrict' but argument is of type 'char **'
  250 | int     sprintf (char *__restrict, const char *__restrict, ...)
      |                  ^
../Core/Src/main.c:129:48: warning: passing argument 2 of 'sprintf' makes pointer from integer without a cast [-Wint-conversion]
  129 |                                   sprintf(msg, sizeof(msg), "0x%X", rx_message);
      |                                                ^~~~~~~~~~~
      |                                                |
      |                                                unsigned int
C:\ST\STM32CubeIDE_1.17.0\STM32CubeIDE\plugins\com.st.stm32cube.ide.mcu.externaltools.gnu-tools-for-stm32.12.3.rel1.win32_1.1.0.202410251130\tools\bin/../lib/gcc/arm-none-eabi/12.3.1/../../../../arm-none-eabi/include/stdio.h:250:36: note: expected 'const char * restrict' but argument is of type 'unsigned int'
  250 | int     sprintf (char *__restrict, const char *__restrict, ...)
      |                                    ^
../Core/Src/main.c:130:62: warning: passing argument 2 of 'HAL_UART_Transmit' from incompatible pointer type [-Wincompatible-pointer-types]
  130 |                                   HAL_UART_Transmit(&huart3, msg, sizeof(msg), HAL_MAX_DELAY);
      |                                                              ^~~
      |                                                              |
      |                                                              char **
In file included from ../Core/Inc/stm32f7xx_hal_conf.h:415,
                 from ../Drivers/STM32F7xx_HAL_Driver/Inc/stm32f7xx_hal.h:29,
                 from ../Core/Inc/main.h:30,
                 from ../Core/Src/main.c:20:
../Drivers/STM32F7xx_HAL_Driver/Inc/stm32f7xx_hal_uart.h:1553:79: note: expected 'const uint8_t *' {aka 'const unsigned char *'} but argument is of type 'char **'
 1553 | HAL_StatusTypeDef HAL_UART_Transmit(UART_HandleTypeDef *huart, const uint8_t *pData, uint16_t Size, uint32_t Timeout);
      |                                                                ~~~~~~~~~~~~~~~^~~~~
../Core/Src/main.c:103:13: warning: variable 'len_rx' set but not used [-Wunused-but-set-variable]
  103 |         int len_rx = 0;
      |             ^~~~~~
../Core/Src/main.c: In function 'main':
../Core/Src/main.c:199:57: warning: '%s' directive output may be truncated writing up to 99 bytes into a region of size 90 [-Wformat-truncation=]
  199 |           snprintf(message, sizeof(message), "ADC1_CH10 %s Vin = %.2f V\r\n", hexBuffer, voltage);
      |                                                         ^~                    ~~~~~~~~~
../Core/Src/main.c:199:46: note: assuming directive output of 4 bytes
  199 |           snprintf(message, sizeof(message), "ADC1_CH10 %s Vin = %.2f V\r\n", hexBuffer, voltage);
      |                                              ^~~~~~~~~~~~~~~~~~~~~~~~~~~~~~~
../Core/Src/main.c:199:11: note: 'snprintf' output between 25 and 434 bytes into a destination of size 100
  199 |           snprintf(message, sizeof(message), "ADC1_CH10 %s Vin = %.2f V\r\n", hexBuffer, voltage);
      |           ^~~~~~~~~~~~~~~~~~~~~~~~~~~~~~~~~~~~~~~~~~~~~~~~~~~~~~~~~~~~~~~~~~~~~~~~~~~~~~~~~~~~~~~
arm-none-eabi-gcc -o "Lab5.elf" @"objects.list"   -mcpu=cortex-m7 -T"D:\STM32\Lab5\Lab5\STM32F767ZITX_FLASH.ld" --specs=nosys.specs -Wl,-Map="Lab5.map" -Wl,--gc-sections -static --specs=nano.specs -mfpu=fpv5-d16 -mfloat-abi=hard -mthumb -Wl,--start-group -lc -lm -Wl,--end-group
Finished building target: Lab5.elf
 
arm-none-eabi-size  Lab5.elf 
arm-none-eabi-objdump -h -S Lab5.elf  > "Lab5.list"
   text	   data	    bss	    dec	    hex	filename
  18824	     92	   2316	  21232	   52f0	Lab5.elf
Finished building: default.size.stdout
 
Finished building: Lab5.list
 
14:14:51 **** Incremental Build of configuration Debug for project Lab5 ****
make -j12 all 
arm-none-eabi-size  Lab5.elf 
   text	   data	    bss	    dec	    hex	filename
  18824	     92	   2316	  21232	   52f0	Lab5.elf
Finished building: default.size.stdout
 
14:15:50 **** Incremental Build of configuration Debug for project Lab5 ****
make -j12 all 
arm-none-eabi-gcc "../Core/Src/main.c" -mcpu=cortex-m7 -std=gnu11 -g3 -DDEBUG -DUSE_HAL_DRIVER -DSTM32F767xx -c -I../Core/Inc -I../Drivers/STM32F7xx_HAL_Driver/Inc -I../Drivers/STM32F7xx_HAL_Driver/Inc/Legacy -I../Drivers/CMSIS/Device/ST/STM32F7xx/Include -I../Drivers/CMSIS/Include -O0 -ffunction-sections -fdata-sections -Wall -fstack-usage -fcyclomatic-complexity -MMD -MP -MF"Core/Src/main.d" -MT"Core/Src/main.o" --specs=nano.specs -mfpu=fpv5-d16 -mfloat-abi=hard -mthumb -o "Core/Src/main.o"
../Core/Src/main.c: In function 'inputText':
../Core/Src/main.c:129:43: warning: passing argument 1 of 'sprintf' from incompatible pointer type [-Wincompatible-pointer-types]
  129 |                                   sprintf(msg, sizeof(msg), "0x%X", rx_message);
      |                                           ^~~
      |                                           |
      |                                           char **
In file included from ../Core/Src/main.c:24:
C:\ST\STM32CubeIDE_1.17.0\STM32CubeIDE\plugins\com.st.stm32cube.ide.mcu.externaltools.gnu-tools-for-stm32.12.3.rel1.win32_1.1.0.202410251130\tools\bin/../lib/gcc/arm-none-eabi/12.3.1/../../../../arm-none-eabi/include/stdio.h:250:18: note: expected 'char * restrict' but argument is of type 'char **'
  250 | int     sprintf (char *__restrict, const char *__restrict, ...)
      |                  ^
../Core/Src/main.c:129:48: warning: passing argument 2 of 'sprintf' makes pointer from integer without a cast [-Wint-conversion]
  129 |                                   sprintf(msg, sizeof(msg), "0x%X", rx_message);
      |                                                ^~~~~~~~~~~
      |                                                |
      |                                                unsigned int
C:\ST\STM32CubeIDE_1.17.0\STM32CubeIDE\plugins\com.st.stm32cube.ide.mcu.externaltools.gnu-tools-for-stm32.12.3.rel1.win32_1.1.0.202410251130\tools\bin/../lib/gcc/arm-none-eabi/12.3.1/../../../../arm-none-eabi/include/stdio.h:250:36: note: expected 'const char * restrict' but argument is of type 'unsigned int'
  250 | int     sprintf (char *__restrict, const char *__restrict, ...)
      |                                    ^
../Core/Src/main.c:130:62: warning: passing argument 2 of 'HAL_UART_Transmit' from incompatible pointer type [-Wincompatible-pointer-types]
  130 |                                   HAL_UART_Transmit(&huart3, msg, sizeof(msg), HAL_MAX_DELAY);
      |                                                              ^~~
      |                                                              |
      |                                                              char **
In file included from ../Core/Inc/stm32f7xx_hal_conf.h:415,
                 from ../Drivers/STM32F7xx_HAL_Driver/Inc/stm32f7xx_hal.h:29,
                 from ../Core/Inc/main.h:30,
                 from ../Core/Src/main.c:20:
../Drivers/STM32F7xx_HAL_Driver/Inc/stm32f7xx_hal_uart.h:1553:79: note: expected 'const uint8_t *' {aka 'const unsigned char *'} but argument is of type 'char **'
 1553 | HAL_StatusTypeDef HAL_UART_Transmit(UART_HandleTypeDef *huart, const uint8_t *pData, uint16_t Size, uint32_t Timeout);
      |                                                                ~~~~~~~~~~~~~~~^~~~~
../Core/Src/main.c:103:13: warning: variable 'len_rx' set but not used [-Wunused-but-set-variable]
  103 |         int len_rx = 0;
      |             ^~~~~~
../Core/Src/main.c: In function 'main':
../Core/Src/main.c:199:57: warning: '%s' directive output may be truncated writing up to 99 bytes into a region of size 90 [-Wformat-truncation=]
  199 |           snprintf(message, sizeof(message), "ADC1_CH10 %s Vin = %.2f V\r\n", hexBuffer, voltage);
      |                                                         ^~                    ~~~~~~~~~
../Core/Src/main.c:199:46: note: assuming directive output of 4 bytes
  199 |           snprintf(message, sizeof(message), "ADC1_CH10 %s Vin = %.2f V\r\n", hexBuffer, voltage);
      |                                              ^~~~~~~~~~~~~~~~~~~~~~~~~~~~~~~
../Core/Src/main.c:199:11: note: 'snprintf' output between 25 and 434 bytes into a destination of size 100
  199 |           snprintf(message, sizeof(message), "ADC1_CH10 %s Vin = %.2f V\r\n", hexBuffer, voltage);
      |           ^~~~~~~~~~~~~~~~~~~~~~~~~~~~~~~~~~~~~~~~~~~~~~~~~~~~~~~~~~~~~~~~~~~~~~~~~~~~~~~~~~~~~~~
arm-none-eabi-gcc -o "Lab5.elf" @"objects.list"   -mcpu=cortex-m7 -T"D:\STM32\Lab5\Lab5\STM32F767ZITX_FLASH.ld" --specs=nosys.specs -Wl,-Map="Lab5.map" -Wl,--gc-sections -static --specs=nano.specs -mfpu=fpv5-d16 -mfloat-abi=hard -mthumb -Wl,--start-group -lc -lm -Wl,--end-group
Finished building target: Lab5.elf
 
arm-none-eabi-size  Lab5.elf 
arm-none-eabi-objdump -h -S Lab5.elf  > "Lab5.list"
   text	   data	    bss	    dec	    hex	filename
  18900	     92	   2316	  21308	   533c	Lab5.elf
Finished building: default.size.stdout
 
Finished building: Lab5.list
 
14:17:11 **** Incremental Build of configuration Debug for project Lab5 ****
make -j12 all 
arm-none-eabi-gcc -o "Lab5.elf" @"objects.list"   -mcpu=cortex-m7 -T"D:\STM32\Lab5\Lab5\STM32F767ZITX_FLASH.ld" --specs=nosys.specs -Wl,-Map="Lab5.map" -Wl,--gc-sections -static --specs=nano.specs -mfpu=fpv5-d16 -mfloat-abi=hard -mthumb -u _printf_float -Wl,--start-group -lc -lm -Wl,--end-group
Finished building target: Lab5.elf
 
arm-none-eabi-size  Lab5.elf 
arm-none-eabi-objdump -h -S Lab5.elf  > "Lab5.list"
   text	   data	    bss	    dec	    hex	filename
  28788	    468	   2324	  31580	   7b5c	Lab5.elf
Finished building: default.size.stdout
 
Finished building: Lab5.list
 
14:18:17 **** Incremental Build of configuration Debug for project Lab5 ****
make -j12 all 
arm-none-eabi-gcc "../Core/Src/main.c" -mcpu=cortex-m7 -std=gnu11 -g3 -DDEBUG -DUSE_HAL_DRIVER -DSTM32F767xx -c -I../Core/Inc -I../Drivers/STM32F7xx_HAL_Driver/Inc -I../Drivers/STM32F7xx_HAL_Driver/Inc/Legacy -I../Drivers/CMSIS/Device/ST/STM32F7xx/Include -I../Drivers/CMSIS/Include -O0 -ffunction-sections -fdata-sections -Wall -fstack-usage -fcyclomatic-complexity -MMD -MP -MF"Core/Src/main.d" -MT"Core/Src/main.o" --specs=nano.specs -mfpu=fpv5-d16 -mfloat-abi=hard -mthumb -o "Core/Src/main.o"
../Core/Src/main.c: In function 'inputText':
../Core/Src/main.c:129:43: warning: passing argument 1 of 'sprintf' from incompatible pointer type [-Wincompatible-pointer-types]
  129 |                                   sprintf(msg, sizeof(msg), "0x%X", rx_message);
      |                                           ^~~
      |                                           |
      |                                           char **
In file included from ../Core/Src/main.c:24:
C:\ST\STM32CubeIDE_1.17.0\STM32CubeIDE\plugins\com.st.stm32cube.ide.mcu.externaltools.gnu-tools-for-stm32.12.3.rel1.win32_1.1.0.202410251130\tools\bin/../lib/gcc/arm-none-eabi/12.3.1/../../../../arm-none-eabi/include/stdio.h:250:18: note: expected 'char * restrict' but argument is of type 'char **'
  250 | int     sprintf (char *__restrict, const char *__restrict, ...)
      |                  ^
../Core/Src/main.c:129:48: warning: passing argument 2 of 'sprintf' makes pointer from integer without a cast [-Wint-conversion]
  129 |                                   sprintf(msg, sizeof(msg), "0x%X", rx_message);
      |                                                ^~~~~~~~~~~
      |                                                |
      |                                                unsigned int
C:\ST\STM32CubeIDE_1.17.0\STM32CubeIDE\plugins\com.st.stm32cube.ide.mcu.externaltools.gnu-tools-for-stm32.12.3.rel1.win32_1.1.0.202410251130\tools\bin/../lib/gcc/arm-none-eabi/12.3.1/../../../../arm-none-eabi/include/stdio.h:250:36: note: expected 'const char * restrict' but argument is of type 'unsigned int'
  250 | int     sprintf (char *__restrict, const char *__restrict, ...)
      |                                    ^
../Core/Src/main.c:130:62: warning: passing argument 2 of 'HAL_UART_Transmit' from incompatible pointer type [-Wincompatible-pointer-types]
  130 |                                   HAL_UART_Transmit(&huart3, msg, sizeof(msg), HAL_MAX_DELAY);
      |                                                              ^~~
      |                                                              |
      |                                                              char **
In file included from ../Core/Inc/stm32f7xx_hal_conf.h:415,
                 from ../Drivers/STM32F7xx_HAL_Driver/Inc/stm32f7xx_hal.h:29,
                 from ../Core/Inc/main.h:30,
                 from ../Core/Src/main.c:20:
../Drivers/STM32F7xx_HAL_Driver/Inc/stm32f7xx_hal_uart.h:1553:79: note: expected 'const uint8_t *' {aka 'const unsigned char *'} but argument is of type 'char **'
 1553 | HAL_StatusTypeDef HAL_UART_Transmit(UART_HandleTypeDef *huart, const uint8_t *pData, uint16_t Size, uint32_t Timeout);
      |                                                                ~~~~~~~~~~~~~~~^~~~~
../Core/Src/main.c:103:13: warning: variable 'len_rx' set but not used [-Wunused-but-set-variable]
  103 |         int len_rx = 0;
      |             ^~~~~~
../Core/Src/main.c: In function 'main':
../Core/Src/main.c:200:57: warning: '%s' directive output may be truncated writing up to 99 bytes into a region of size 90 [-Wformat-truncation=]
  200 |           snprintf(message, sizeof(message), "ADC1_CH10 %s Vin = %.2f V\r\n", hexBuffer, voltage);
      |                                                         ^~                    ~~~~~~~~~
../Core/Src/main.c:200:46: note: assuming directive output of 4 bytes
  200 |           snprintf(message, sizeof(message), "ADC1_CH10 %s Vin = %.2f V\r\n", hexBuffer, voltage);
      |                                              ^~~~~~~~~~~~~~~~~~~~~~~~~~~~~~~
../Core/Src/main.c:200:11: note: 'snprintf' output between 25 and 434 bytes into a destination of size 100
  200 |           snprintf(message, sizeof(message), "ADC1_CH10 %s Vin = %.2f V\r\n", hexBuffer, voltage);
      |           ^~~~~~~~~~~~~~~~~~~~~~~~~~~~~~~~~~~~~~~~~~~~~~~~~~~~~~~~~~~~~~~~~~~~~~~~~~~~~~~~~~~~~~~
arm-none-eabi-gcc -o "Lab5.elf" @"objects.list"   -mcpu=cortex-m7 -T"D:\STM32\Lab5\Lab5\STM32F767ZITX_FLASH.ld" --specs=nosys.specs -Wl,-Map="Lab5.map" -Wl,--gc-sections -static --specs=nano.specs -mfpu=fpv5-d16 -mfloat-abi=hard -mthumb -u _printf_float -Wl,--start-group -lc -lm -Wl,--end-group
Finished building target: Lab5.elf
 
arm-none-eabi-size  Lab5.elf 
arm-none-eabi-objdump -h -S Lab5.elf  > "Lab5.list"
   text	   data	    bss	    dec	    hex	filename
  28804	    468	   2324	  31596	   7b6c	Lab5.elf
Finished building: default.size.stdout
 
Finished building: Lab5.list
 
14:18:19 **** Incremental Build of configuration Debug for project Lab5 ****
make -j12 all 
arm-none-eabi-size  Lab5.elf 
   text	   data	    bss	    dec	    hex	filename
  28804	    468	   2324	  31596	   7b6c	Lab5.elf
Finished building: default.size.stdout
 
14:19:16 **** Incremental Build of configuration Debug for project Lab5 ****
make -j12 all 
arm-none-eabi-gcc "../Core/Src/main.c" -mcpu=cortex-m7 -std=gnu11 -g3 -DDEBUG -DUSE_HAL_DRIVER -DSTM32F767xx -c -I../Core/Inc -I../Drivers/STM32F7xx_HAL_Driver/Inc -I../Drivers/STM32F7xx_HAL_Driver/Inc/Legacy -I../Drivers/CMSIS/Device/ST/STM32F7xx/Include -I../Drivers/CMSIS/Include -O0 -ffunction-sections -fdata-sections -Wall -fstack-usage -fcyclomatic-complexity -MMD -MP -MF"Core/Src/main.d" -MT"Core/Src/main.o" --specs=nano.specs -mfpu=fpv5-d16 -mfloat-abi=hard -mthumb -o "Core/Src/main.o"
../Core/Src/main.c: In function 'inputText':
../Core/Src/main.c:129:43: warning: passing argument 1 of 'sprintf' from incompatible pointer type [-Wincompatible-pointer-types]
  129 |                                   sprintf(msg, sizeof(msg), "0x%X", rx_message);
      |                                           ^~~
      |                                           |
      |                                           char **
In file included from ../Core/Src/main.c:24:
C:\ST\STM32CubeIDE_1.17.0\STM32CubeIDE\plugins\com.st.stm32cube.ide.mcu.externaltools.gnu-tools-for-stm32.12.3.rel1.win32_1.1.0.202410251130\tools\bin/../lib/gcc/arm-none-eabi/12.3.1/../../../../arm-none-eabi/include/stdio.h:250:18: note: expected 'char * restrict' but argument is of type 'char **'
  250 | int     sprintf (char *__restrict, const char *__restrict, ...)
      |                  ^
../Core/Src/main.c:129:48: warning: passing argument 2 of 'sprintf' makes pointer from integer without a cast [-Wint-conversion]
  129 |                                   sprintf(msg, sizeof(msg), "0x%X", rx_message);
      |                                                ^~~~~~~~~~~
      |                                                |
      |                                                unsigned int
C:\ST\STM32CubeIDE_1.17.0\STM32CubeIDE\plugins\com.st.stm32cube.ide.mcu.externaltools.gnu-tools-for-stm32.12.3.rel1.win32_1.1.0.202410251130\tools\bin/../lib/gcc/arm-none-eabi/12.3.1/../../../../arm-none-eabi/include/stdio.h:250:36: note: expected 'const char * restrict' but argument is of type 'unsigned int'
  250 | int     sprintf (char *__restrict, const char *__restrict, ...)
      |                                    ^
../Core/Src/main.c:130:62: warning: passing argument 2 of 'HAL_UART_Transmit' from incompatible pointer type [-Wincompatible-pointer-types]
  130 |                                   HAL_UART_Transmit(&huart3, msg, sizeof(msg), HAL_MAX_DELAY);
      |                                                              ^~~
      |                                                              |
      |                                                              char **
In file included from ../Core/Inc/stm32f7xx_hal_conf.h:415,
                 from ../Drivers/STM32F7xx_HAL_Driver/Inc/stm32f7xx_hal.h:29,
                 from ../Core/Inc/main.h:30,
                 from ../Core/Src/main.c:20:
../Drivers/STM32F7xx_HAL_Driver/Inc/stm32f7xx_hal_uart.h:1553:79: note: expected 'const uint8_t *' {aka 'const unsigned char *'} but argument is of type 'char **'
 1553 | HAL_StatusTypeDef HAL_UART_Transmit(UART_HandleTypeDef *huart, const uint8_t *pData, uint16_t Size, uint32_t Timeout);
      |                                                                ~~~~~~~~~~~~~~~^~~~~
../Core/Src/main.c:103:13: warning: variable 'len_rx' set but not used [-Wunused-but-set-variable]
  103 |         int len_rx = 0;
      |             ^~~~~~
../Core/Src/main.c: In function 'main':
../Core/Src/main.c:200:57: warning: '%s' directive output may be truncated writing up to 99 bytes into a region of size 90 [-Wformat-truncation=]
  200 |           snprintf(message, sizeof(message), "ADC1_CH10 %s Vin = %.2f V\r\n", hexBuffer, voltage);
      |                                                         ^~                    ~~~~~~~~~
../Core/Src/main.c:200:46: note: assuming directive output of 4 bytes
  200 |           snprintf(message, sizeof(message), "ADC1_CH10 %s Vin = %.2f V\r\n", hexBuffer, voltage);
      |                                              ^~~~~~~~~~~~~~~~~~~~~~~~~~~~~~~
../Core/Src/main.c:200:11: note: 'snprintf' output between 25 and 434 bytes into a destination of size 100
  200 |           snprintf(message, sizeof(message), "ADC1_CH10 %s Vin = %.2f V\r\n", hexBuffer, voltage);
      |           ^~~~~~~~~~~~~~~~~~~~~~~~~~~~~~~~~~~~~~~~~~~~~~~~~~~~~~~~~~~~~~~~~~~~~~~~~~~~~~~~~~~~~~~
arm-none-eabi-gcc -o "Lab5.elf" @"objects.list"   -mcpu=cortex-m7 -T"D:\STM32\Lab5\Lab5\STM32F767ZITX_FLASH.ld" --specs=nosys.specs -Wl,-Map="Lab5.map" -Wl,--gc-sections -static --specs=nano.specs -mfpu=fpv5-d16 -mfloat-abi=hard -mthumb -u _printf_float -Wl,--start-group -lc -lm -Wl,--end-group
Finished building target: Lab5.elf
 
arm-none-eabi-size  Lab5.elf 
arm-none-eabi-objdump -h -S Lab5.elf  > "Lab5.list"
   text	   data	    bss	    dec	    hex	filename
  28796	    468	   2324	  31588	   7b64	Lab5.elf
Finished building: default.size.stdout
 
Finished building: Lab5.list
 
14:22:15 **** Incremental Build of configuration Debug for project Lab5 ****
make -j12 all 
arm-none-eabi-gcc -o "Lab5.elf" @"objects.list"   -mcpu=cortex-m7 -T"D:\STM32\Lab5\Lab5\STM32F767ZITX_FLASH.ld" --specs=nosys.specs -Wl,-Map="Lab5.map" -Wl,--gc-sections -static --specs=nano.specs -mfpu=fpv5-d16 -mfloat-abi=hard -mthumb -u _printf_float -Wl,--start-group -lc -lm -Wl,--end-group
Finished building target: Lab5.elf
 
arm-none-eabi-size  Lab5.elf 
arm-none-eabi-objdump -h -S Lab5.elf  > "Lab5.list"
arm-none-eabi-objcopy  -O binary Lab5.elf  "Lab5.bin"
   text	   data	    bss	    dec	    hex	filename
  28796	    468	   2324	  31588	   7b64	Lab5.elf
Finished building: default.size.stdout
 
Finished building: Lab5.list
 
Finished building: Lab5.bin
 
23:29:11 **** Incremental Build of configuration Debug for project Lab5 ****
make -j12 all 
arm-none-eabi-gcc "../Core/Src/main.c" -mcpu=cortex-m7 -std=gnu11 -g3 -DDEBUG -DUSE_HAL_DRIVER -DSTM32F767xx -c -I../Core/Inc -I../Drivers/STM32F7xx_HAL_Driver/Inc -I../Drivers/STM32F7xx_HAL_Driver/Inc/Legacy -I../Drivers/CMSIS/Device/ST/STM32F7xx/Include -I../Drivers/CMSIS/Include -O0 -ffunction-sections -fdata-sections -Wall -fstack-usage -fcyclomatic-complexity -MMD -MP -MF"Core/Src/main.d" -MT"Core/Src/main.o" --specs=nano.specs -mfpu=fpv5-d16 -mfloat-abi=hard -mthumb -o "Core/Src/main.o"
../Core/Src/main.c: In function 'inputText':
../Core/Src/main.c:129:43: warning: passing argument 1 of 'sprintf' from incompatible pointer type [-Wincompatible-pointer-types]
  129 |                                   sprintf(msg, sizeof(msg), "0x%X", rx_message);
      |                                           ^~~
      |                                           |
      |                                           char **
In file included from ../Core/Src/main.c:24:
C:\ST\STM32CubeIDE_1.17.0\STM32CubeIDE\plugins\com.st.stm32cube.ide.mcu.externaltools.gnu-tools-for-stm32.12.3.rel1.win32_1.1.0.202410251130\tools\bin/../lib/gcc/arm-none-eabi/12.3.1/../../../../arm-none-eabi/include/stdio.h:250:18: note: expected 'char * restrict' but argument is of type 'char **'
  250 | int     sprintf (char *__restrict, const char *__restrict, ...)
      |                  ^
../Core/Src/main.c:129:48: warning: passing argument 2 of 'sprintf' makes pointer from integer without a cast [-Wint-conversion]
  129 |                                   sprintf(msg, sizeof(msg), "0x%X", rx_message);
      |                                                ^~~~~~~~~~~
      |                                                |
      |                                                unsigned int
C:\ST\STM32CubeIDE_1.17.0\STM32CubeIDE\plugins\com.st.stm32cube.ide.mcu.externaltools.gnu-tools-for-stm32.12.3.rel1.win32_1.1.0.202410251130\tools\bin/../lib/gcc/arm-none-eabi/12.3.1/../../../../arm-none-eabi/include/stdio.h:250:36: note: expected 'const char * restrict' but argument is of type 'unsigned int'
  250 | int     sprintf (char *__restrict, const char *__restrict, ...)
      |                                    ^
../Core/Src/main.c:130:62: warning: passing argument 2 of 'HAL_UART_Transmit' from incompatible pointer type [-Wincompatible-pointer-types]
  130 |                                   HAL_UART_Transmit(&huart3, msg, sizeof(msg), HAL_MAX_DELAY);
      |                                                              ^~~
      |                                                              |
      |                                                              char **
In file included from ../Core/Inc/stm32f7xx_hal_conf.h:415,
                 from ../Drivers/STM32F7xx_HAL_Driver/Inc/stm32f7xx_hal.h:29,
                 from ../Core/Inc/main.h:30,
                 from ../Core/Src/main.c:20:
../Drivers/STM32F7xx_HAL_Driver/Inc/stm32f7xx_hal_uart.h:1553:79: note: expected 'const uint8_t *' {aka 'const unsigned char *'} but argument is of type 'char **'
 1553 | HAL_StatusTypeDef HAL_UART_Transmit(UART_HandleTypeDef *huart, const uint8_t *pData, uint16_t Size, uint32_t Timeout);
      |                                                                ~~~~~~~~~~~~~~~^~~~~
../Core/Src/main.c:103:13: warning: variable 'len_rx' set but not used [-Wunused-but-set-variable]
  103 |         int len_rx = 0;
      |             ^~~~~~
../Core/Src/main.c: In function 'avrage_8':
../Core/Src/main.c:144:16: warning: type defaults to 'int' in declaration of 'total' [-Wimplicit-int]
  144 |         static total = 0;
      |                ^~~~~
../Core/Src/main.c: In function 'avrage_16':
../Core/Src/main.c:155:16: warning: type defaults to 'int' in declaration of 'total' [-Wimplicit-int]
  155 |         static total = 0;
      |                ^~~~~
../Core/Src/main.c: In function 'main':
../Core/Src/main.c:217:11: error: 'avr_8' undeclared (first use in this function); did you mean 'avrage_8'?
  217 |           avr_8 = avrage_8(adc_value);
      |           ^~~~~
      |           avrage_8
../Core/Src/main.c:217:11: note: each undeclared identifier is reported only once for each function it appears in
../Core/Src/main.c:218:11: error: 'avr_16' undeclared (first use in this function); did you mean 'avrage_16'?
  218 |           avr_16 = avrage_16(adc_value);
      |           ^~~~~~
      |           avrage_16
make: *** [Core/Src/subdir.mk:34: Core/Src/main.o] Error 1
"make -j12 all" terminated with exit code 2. Build might be incomplete.
23:29:41 **** Incremental Build of configuration Debug for project Lab5 ****
make -j12 all 
arm-none-eabi-gcc "../Core/Src/main.c" -mcpu=cortex-m7 -std=gnu11 -g3 -DDEBUG -DUSE_HAL_DRIVER -DSTM32F767xx -c -I../Core/Inc -I../Drivers/STM32F7xx_HAL_Driver/Inc -I../Drivers/STM32F7xx_HAL_Driver/Inc/Legacy -I../Drivers/CMSIS/Device/ST/STM32F7xx/Include -I../Drivers/CMSIS/Include -O0 -ffunction-sections -fdata-sections -Wall -fstack-usage -fcyclomatic-complexity -MMD -MP -MF"Core/Src/main.d" -MT"Core/Src/main.o" --specs=nano.specs -mfpu=fpv5-d16 -mfloat-abi=hard -mthumb -o "Core/Src/main.o"
../Core/Src/main.c: In function 'inputText':
../Core/Src/main.c:129:43: warning: passing argument 1 of 'sprintf' from incompatible pointer type [-Wincompatible-pointer-types]
  129 |                                   sprintf(msg, sizeof(msg), "0x%X", rx_message);
      |                                           ^~~
      |                                           |
      |                                           char **
In file included from ../Core/Src/main.c:24:
C:\ST\STM32CubeIDE_1.17.0\STM32CubeIDE\plugins\com.st.stm32cube.ide.mcu.externaltools.gnu-tools-for-stm32.12.3.rel1.win32_1.1.0.202410251130\tools\bin/../lib/gcc/arm-none-eabi/12.3.1/../../../../arm-none-eabi/include/stdio.h:250:18: note: expected 'char * restrict' but argument is of type 'char **'
  250 | int     sprintf (char *__restrict, const char *__restrict, ...)
      |                  ^
../Core/Src/main.c:129:48: warning: passing argument 2 of 'sprintf' makes pointer from integer without a cast [-Wint-conversion]
  129 |                                   sprintf(msg, sizeof(msg), "0x%X", rx_message);
      |                                                ^~~~~~~~~~~
      |                                                |
      |                                                unsigned int
C:\ST\STM32CubeIDE_1.17.0\STM32CubeIDE\plugins\com.st.stm32cube.ide.mcu.externaltools.gnu-tools-for-stm32.12.3.rel1.win32_1.1.0.202410251130\tools\bin/../lib/gcc/arm-none-eabi/12.3.1/../../../../arm-none-eabi/include/stdio.h:250:36: note: expected 'const char * restrict' but argument is of type 'unsigned int'
  250 | int     sprintf (char *__restrict, const char *__restrict, ...)
      |                                    ^
../Core/Src/main.c:130:62: warning: passing argument 2 of 'HAL_UART_Transmit' from incompatible pointer type [-Wincompatible-pointer-types]
  130 |                                   HAL_UART_Transmit(&huart3, msg, sizeof(msg), HAL_MAX_DELAY);
      |                                                              ^~~
      |                                                              |
      |                                                              char **
In file included from ../Core/Inc/stm32f7xx_hal_conf.h:415,
                 from ../Drivers/STM32F7xx_HAL_Driver/Inc/stm32f7xx_hal.h:29,
                 from ../Core/Inc/main.h:30,
                 from ../Core/Src/main.c:20:
../Drivers/STM32F7xx_HAL_Driver/Inc/stm32f7xx_hal_uart.h:1553:79: note: expected 'const uint8_t *' {aka 'const unsigned char *'} but argument is of type 'char **'
 1553 | HAL_StatusTypeDef HAL_UART_Transmit(UART_HandleTypeDef *huart, const uint8_t *pData, uint16_t Size, uint32_t Timeout);
      |                                                                ~~~~~~~~~~~~~~~^~~~~
../Core/Src/main.c:103:13: warning: variable 'len_rx' set but not used [-Wunused-but-set-variable]
  103 |         int len_rx = 0;
      |             ^~~~~~
../Core/Src/main.c: In function 'avrage_8':
../Core/Src/main.c:144:16: warning: type defaults to 'int' in declaration of 'total' [-Wimplicit-int]
  144 |         static total = 0;
      |                ^~~~~
../Core/Src/main.c: In function 'avrage_16':
../Core/Src/main.c:155:16: warning: type defaults to 'int' in declaration of 'total' [-Wimplicit-int]
  155 |         static total = 0;
      |                ^~~~~
../Core/Src/main.c: In function 'main':
../Core/Src/main.c:218:15: warning: unused variable 'avr_16' [-Wunused-variable]
  218 |           int avr_16 = avrage_16(adc_value);
      |               ^~~~~~
../Core/Src/main.c:217:15: warning: unused variable 'avr_8' [-Wunused-variable]
  217 |           int avr_8 = avrage_8(adc_value);
      |               ^~~~~
../Core/Src/main.c:222:57: warning: '%s' directive output may be truncated writing up to 99 bytes into a region of size 90 [-Wformat-truncation=]
  222 |           snprintf(message, sizeof(message), "ADC1_CH10 %s Vin = %.2f V\r\n", hexBuffer, voltage);
      |                                                         ^~                    ~~~~~~~~~
../Core/Src/main.c:222:46: note: assuming directive output of 4 bytes
  222 |           snprintf(message, sizeof(message), "ADC1_CH10 %s Vin = %.2f V\r\n", hexBuffer, voltage);
      |                                              ^~~~~~~~~~~~~~~~~~~~~~~~~~~~~~~
../Core/Src/main.c:222:11: note: 'snprintf' output between 25 and 434 bytes into a destination of size 100
  222 |           snprintf(message, sizeof(message), "ADC1_CH10 %s Vin = %.2f V\r\n", hexBuffer, voltage);
      |           ^~~~~~~~~~~~~~~~~~~~~~~~~~~~~~~~~~~~~~~~~~~~~~~~~~~~~~~~~~~~~~~~~~~~~~~~~~~~~~~~~~~~~~~
arm-none-eabi-gcc -o "Lab5.elf" @"objects.list"   -mcpu=cortex-m7 -T"D:\STM32\Lab5\Lab5\STM32F767ZITX_FLASH.ld" --specs=nosys.specs -Wl,-Map="Lab5.map" -Wl,--gc-sections -static --specs=nano.specs -mfpu=fpv5-d16 -mfloat-abi=hard -mthumb -u _printf_float -Wl,--start-group -lc -lm -Wl,--end-group
Finished building target: Lab5.elf
 
arm-none-eabi-size  Lab5.elf 
arm-none-eabi-objdump -h -S Lab5.elf  > "Lab5.list"
arm-none-eabi-objcopy  -O binary Lab5.elf  "Lab5.bin"
   text	   data	    bss	    dec	    hex	filename
  29012	    468	   2436	  31916	   7cac	Lab5.elf
Finished building: default.size.stdout
 
Finished building: Lab5.bin
Finished building: Lab5.list
 
 
23:30:09 **** Incremental Build of configuration Debug for project Lab5 ****
make -j12 all 
arm-none-eabi-size  Lab5.elf 
   text	   data	    bss	    dec	    hex	filename
  29012	    468	   2436	  31916	   7cac	Lab5.elf
Finished building: default.size.stdout
 
23:31:43 **** Incremental Build of configuration Debug for project Lab5 ****
make -j12 all 
arm-none-eabi-gcc "../Core/Src/main.c" -mcpu=cortex-m7 -std=gnu11 -g3 -DDEBUG -DUSE_HAL_DRIVER -DSTM32F767xx -c -I../Core/Inc -I../Drivers/STM32F7xx_HAL_Driver/Inc -I../Drivers/STM32F7xx_HAL_Driver/Inc/Legacy -I../Drivers/CMSIS/Device/ST/STM32F7xx/Include -I../Drivers/CMSIS/Include -O0 -ffunction-sections -fdata-sections -Wall -fstack-usage -fcyclomatic-complexity -MMD -MP -MF"Core/Src/main.d" -MT"Core/Src/main.o" --specs=nano.specs -mfpu=fpv5-d16 -mfloat-abi=hard -mthumb -o "Core/Src/main.o"
../Core/Src/main.c: In function 'inputText':
../Core/Src/main.c:132:43: warning: passing argument 1 of 'sprintf' from incompatible pointer type [-Wincompatible-pointer-types]
  132 |                                   sprintf(msg, sizeof(msg), "0x%X", rx_message);
      |                                           ^~~
      |                                           |
      |                                           char **
In file included from ../Core/Src/main.c:24:
C:\ST\STM32CubeIDE_1.17.0\STM32CubeIDE\plugins\com.st.stm32cube.ide.mcu.externaltools.gnu-tools-for-stm32.12.3.rel1.win32_1.1.0.202410251130\tools\bin/../lib/gcc/arm-none-eabi/12.3.1/../../../../arm-none-eabi/include/stdio.h:250:18: note: expected 'char * restrict' but argument is of type 'char **'
  250 | int     sprintf (char *__restrict, const char *__restrict, ...)
      |                  ^
../Core/Src/main.c:132:48: warning: passing argument 2 of 'sprintf' makes pointer from integer without a cast [-Wint-conversion]
  132 |                                   sprintf(msg, sizeof(msg), "0x%X", rx_message);
      |                                                ^~~~~~~~~~~
      |                                                |
      |                                                unsigned int
C:\ST\STM32CubeIDE_1.17.0\STM32CubeIDE\plugins\com.st.stm32cube.ide.mcu.externaltools.gnu-tools-for-stm32.12.3.rel1.win32_1.1.0.202410251130\tools\bin/../lib/gcc/arm-none-eabi/12.3.1/../../../../arm-none-eabi/include/stdio.h:250:36: note: expected 'const char * restrict' but argument is of type 'unsigned int'
  250 | int     sprintf (char *__restrict, const char *__restrict, ...)
      |                                    ^
../Core/Src/main.c:133:62: warning: passing argument 2 of 'HAL_UART_Transmit' from incompatible pointer type [-Wincompatible-pointer-types]
  133 |                                   HAL_UART_Transmit(&huart3, msg, sizeof(msg), HAL_MAX_DELAY);
      |                                                              ^~~
      |                                                              |
      |                                                              char **
In file included from ../Core/Inc/stm32f7xx_hal_conf.h:415,
                 from ../Drivers/STM32F7xx_HAL_Driver/Inc/stm32f7xx_hal.h:29,
                 from ../Core/Inc/main.h:30,
                 from ../Core/Src/main.c:20:
../Drivers/STM32F7xx_HAL_Driver/Inc/stm32f7xx_hal_uart.h:1553:79: note: expected 'const uint8_t *' {aka 'const unsigned char *'} but argument is of type 'char **'
 1553 | HAL_StatusTypeDef HAL_UART_Transmit(UART_HandleTypeDef *huart, const uint8_t *pData, uint16_t Size, uint32_t Timeout);
      |                                                                ~~~~~~~~~~~~~~~^~~~~
../Core/Src/main.c:106:13: warning: variable 'len_rx' set but not used [-Wunused-but-set-variable]
  106 |         int len_rx = 0;
      |             ^~~~~~
../Core/Src/main.c: In function 'avrage_8':
../Core/Src/main.c:147:16: warning: type defaults to 'int' in declaration of 'total' [-Wimplicit-int]
  147 |         static total = 0;
      |                ^~~~~
../Core/Src/main.c: In function 'avrage_16':
../Core/Src/main.c:158:16: warning: type defaults to 'int' in declaration of 'total' [-Wimplicit-int]
  158 |         static total = 0;
      |                ^~~~~
../Core/Src/main.c: In function 'main':
../Core/Src/main.c:225:57: warning: '%s' directive output may be truncated writing up to 99 bytes into a region of size 90 [-Wformat-truncation=]
  225 |           snprintf(message, sizeof(message), "ADC1_CH10 %s Vin = %.2f V\r\n", hexBuffer, voltage);
      |                                                         ^~                    ~~~~~~~~~
../Core/Src/main.c:225:46: note: assuming directive output of 4 bytes
  225 |           snprintf(message, sizeof(message), "ADC1_CH10 %s Vin = %.2f V\r\n", hexBuffer, voltage);
      |                                              ^~~~~~~~~~~~~~~~~~~~~~~~~~~~~~~
../Core/Src/main.c:225:11: note: 'snprintf' output between 25 and 434 bytes into a destination of size 100
  225 |           snprintf(message, sizeof(message), "ADC1_CH10 %s Vin = %.2f V\r\n", hexBuffer, voltage);
      |           ^~~~~~~~~~~~~~~~~~~~~~~~~~~~~~~~~~~~~~~~~~~~~~~~~~~~~~~~~~~~~~~~~~~~~~~~~~~~~~~~~~~~~~~
arm-none-eabi-gcc -o "Lab5.elf" @"objects.list"   -mcpu=cortex-m7 -T"D:\STM32\Lab5\Lab5\STM32F767ZITX_FLASH.ld" --specs=nosys.specs -Wl,-Map="Lab5.map" -Wl,--gc-sections -static --specs=nano.specs -mfpu=fpv5-d16 -mfloat-abi=hard -mthumb -u _printf_float -Wl,--start-group -lc -lm -Wl,--end-group
Finished building target: Lab5.elf
 
arm-none-eabi-size  Lab5.elf 
arm-none-eabi-objdump -h -S Lab5.elf  > "Lab5.list"
arm-none-eabi-objcopy  -O binary Lab5.elf  "Lab5.bin"
   text	   data	    bss	    dec	    hex	filename
  29028	    468	   2444	  31940	   7cc4	Lab5.elf
Finished building: default.size.stdout
 
Finished building: Lab5.bin
 
Finished building: Lab5.list
 
23:31:46 **** Incremental Build of configuration Debug for project Lab5 ****
make -j12 all 
arm-none-eabi-size  Lab5.elf 
   text	   data	    bss	    dec	    hex	filename
  29028	    468	   2444	  31940	   7cc4	Lab5.elf
Finished building: default.size.stdout
 
00:00:39 **** Incremental Build of configuration Debug for project Lab5 ****
make -j12 all 
arm-none-eabi-gcc "../Core/Src/main.c" -mcpu=cortex-m7 -std=gnu11 -g3 -DDEBUG -DUSE_HAL_DRIVER -DSTM32F767xx -c -I../Core/Inc -I../Drivers/STM32F7xx_HAL_Driver/Inc -I../Drivers/STM32F7xx_HAL_Driver/Inc/Legacy -I../Drivers/CMSIS/Device/ST/STM32F7xx/Include -I../Drivers/CMSIS/Include -O0 -ffunction-sections -fdata-sections -Wall -fstack-usage -fcyclomatic-complexity -MMD -MP -MF"Core/Src/main.d" -MT"Core/Src/main.o" --specs=nano.specs -mfpu=fpv5-d16 -mfloat-abi=hard -mthumb -o "Core/Src/main.o"
../Core/Src/main.c:58:21: error: expected ';' before 'ADC_HandleTypeDef'
   58 | uint32_t mappedValue
      |                     ^
      |                     ;
......
   69 | ADC_HandleTypeDef hadc1;
      | ~~~~~~~~~~~~~~~~~    
../Core/Src/main.c: In function 'inputText':
../Core/Src/main.c:133:43: warning: passing argument 1 of 'sprintf' from incompatible pointer type [-Wincompatible-pointer-types]
  133 |                                   sprintf(msg, sizeof(msg), "0x%X", rx_message);
      |                                           ^~~
      |                                           |
      |                                           char **
In file included from ../Core/Src/main.c:24:
C:\ST\STM32CubeIDE_1.17.0\STM32CubeIDE\plugins\com.st.stm32cube.ide.mcu.externaltools.gnu-tools-for-stm32.12.3.rel1.win32_1.1.0.202410251130\tools\bin/../lib/gcc/arm-none-eabi/12.3.1/../../../../arm-none-eabi/include/stdio.h:250:18: note: expected 'char * restrict' but argument is of type 'char **'
  250 | int     sprintf (char *__restrict, const char *__restrict, ...)
      |                  ^
../Core/Src/main.c:133:48: warning: passing argument 2 of 'sprintf' makes pointer from integer without a cast [-Wint-conversion]
  133 |                                   sprintf(msg, sizeof(msg), "0x%X", rx_message);
      |                                                ^~~~~~~~~~~
      |                                                |
      |                                                unsigned int
C:\ST\STM32CubeIDE_1.17.0\STM32CubeIDE\plugins\com.st.stm32cube.ide.mcu.externaltools.gnu-tools-for-stm32.12.3.rel1.win32_1.1.0.202410251130\tools\bin/../lib/gcc/arm-none-eabi/12.3.1/../../../../arm-none-eabi/include/stdio.h:250:36: note: expected 'const char * restrict' but argument is of type 'unsigned int'
  250 | int     sprintf (char *__restrict, const char *__restrict, ...)
      |                                    ^
../Core/Src/main.c:134:62: warning: passing argument 2 of 'HAL_UART_Transmit' from incompatible pointer type [-Wincompatible-pointer-types]
  134 |                                   HAL_UART_Transmit(&huart3, msg, sizeof(msg), HAL_MAX_DELAY);
      |                                                              ^~~
      |                                                              |
      |                                                              char **
In file included from ../Core/Inc/stm32f7xx_hal_conf.h:415,
                 from ../Drivers/STM32F7xx_HAL_Driver/Inc/stm32f7xx_hal.h:29,
                 from ../Core/Inc/main.h:30,
                 from ../Core/Src/main.c:20:
../Drivers/STM32F7xx_HAL_Driver/Inc/stm32f7xx_hal_uart.h:1553:79: note: expected 'const uint8_t *' {aka 'const unsigned char *'} but argument is of type 'char **'
 1553 | HAL_StatusTypeDef HAL_UART_Transmit(UART_HandleTypeDef *huart, const uint8_t *pData, uint16_t Size, uint32_t Timeout);
      |                                                                ~~~~~~~~~~~~~~~^~~~~
../Core/Src/main.c:107:13: warning: variable 'len_rx' set but not used [-Wunused-but-set-variable]
  107 |         int len_rx = 0;
      |             ^~~~~~
../Core/Src/main.c: In function 'avrage_8':
../Core/Src/main.c:148:16: warning: type defaults to 'int' in declaration of 'total' [-Wimplicit-int]
  148 |         static total = 0;
      |                ^~~~~
../Core/Src/main.c: In function 'avrage_16':
../Core/Src/main.c:159:16: warning: type defaults to 'int' in declaration of 'total' [-Wimplicit-int]
  159 |         static total = 0;
      |                ^~~~~
make: *** [Core/Src/subdir.mk:34: Core/Src/main.o] Error 1
"make -j12 all" terminated with exit code 2. Build might be incomplete.
00:00:51 **** Incremental Build of configuration Debug for project Lab5 ****
make -j12 all 
arm-none-eabi-gcc "../Core/Src/main.c" -mcpu=cortex-m7 -std=gnu11 -g3 -DDEBUG -DUSE_HAL_DRIVER -DSTM32F767xx -c -I../Core/Inc -I../Drivers/STM32F7xx_HAL_Driver/Inc -I../Drivers/STM32F7xx_HAL_Driver/Inc/Legacy -I../Drivers/CMSIS/Device/ST/STM32F7xx/Include -I../Drivers/CMSIS/Include -O0 -ffunction-sections -fdata-sections -Wall -fstack-usage -fcyclomatic-complexity -MMD -MP -MF"Core/Src/main.d" -MT"Core/Src/main.o" --specs=nano.specs -mfpu=fpv5-d16 -mfloat-abi=hard -mthumb -o "Core/Src/main.o"
../Core/Src/main.c: In function 'inputText':
../Core/Src/main.c:133:43: warning: passing argument 1 of 'sprintf' from incompatible pointer type [-Wincompatible-pointer-types]
  133 |                                   sprintf(msg, sizeof(msg), "0x%X", rx_message);
      |                                           ^~~
      |                                           |
      |                                           char **
In file included from ../Core/Src/main.c:24:
C:\ST\STM32CubeIDE_1.17.0\STM32CubeIDE\plugins\com.st.stm32cube.ide.mcu.externaltools.gnu-tools-for-stm32.12.3.rel1.win32_1.1.0.202410251130\tools\bin/../lib/gcc/arm-none-eabi/12.3.1/../../../../arm-none-eabi/include/stdio.h:250:18: note: expected 'char * restrict' but argument is of type 'char **'
  250 | int     sprintf (char *__restrict, const char *__restrict, ...)
[...]
                 from ../Core/Inc/main.h:30,
                 from ../Core/Src/main.c:20:
../Drivers/STM32F7xx_HAL_Driver/Inc/stm32f7xx_hal_uart.h:1553:79: note: expected 'const uint8_t *' {aka 'const unsigned char *'} but argument is of type 'char **'
 1553 | HAL_StatusTypeDef HAL_UART_Transmit(UART_HandleTypeDef *huart, const uint8_t *pData, uint16_t Size, uint32_t Timeout);
      |                                                                ~~~~~~~~~~~~~~~^~~~~
../Core/Src/main.c:107:13: warning: variable 'len_rx' set but not used [-Wunused-but-set-variable]
  107 |         int len_rx = 0;
      |             ^~~~~~
../Core/Src/main.c: In function 'avrage_8':
../Core/Src/main.c:148:16: warning: type defaults to 'int' in declaration of 'total' [-Wimplicit-int]
  148 |         static total = 0;
      |                ^~~~~
../Core/Src/main.c: In function 'avrage_16':
../Core/Src/main.c:159:16: warning: type defaults to 'int' in declaration of 'total' [-Wimplicit-int]
  159 |         static total = 0;
      |                ^~~~~
../Core/Src/main.c: In function 'main':
../Core/Src/main.c:256:57: warning: '%s' directive output may be truncated writing up to 99 bytes into a region of size 90 [-Wformat-truncation=]
  256 |           snprintf(message, sizeof(message), "ADC1_CH10 %s Vin = %.2f V\r\n", hexBuffer, voltage);
      |                                                         ^~                    ~~~~~~~~~
../Core/Src/main.c:256:46: note: assuming directive output of 4 bytes
  256 |           snprintf(message, sizeof(message), "ADC1_CH10 %s Vin = %.2f V\r\n", hexBuffer, voltage);
      |                                              ^~~~~~~~~~~~~~~~~~~~~~~~~~~~~~~
../Core/Src/main.c:256:11: note: 'snprintf' output between 25 and 434 bytes into a destination of size 100
  256 |           snprintf(message, sizeof(message), "ADC1_CH10 %s Vin = %.2f V\r\n", hexBuffer, voltage);
      |           ^~~~~~~~~~~~~~~~~~~~~~~~~~~~~~~~~~~~~~~~~~~~~~~~~~~~~~~~~~~~~~~~~~~~~~~~~~~~~~~~~~~~~~~
arm-none-eabi-gcc -o "Lab5.elf" @"objects.list"   -mcpu=cortex-m7 -T"D:\STM32\Lab5\Lab5\STM32F767ZITX_FLASH.ld" --specs=nosys.specs -Wl,-Map="Lab5.map" -Wl,--gc-sections -static --specs=nano.specs -mfpu=fpv5-d16 -mfloat-abi=hard -mthumb -u _printf_float -Wl,--start-group -lc -lm -Wl,--end-group
Finished building target: Lab5.elf
 
arm-none-eabi-size  Lab5.elf 
arm-none-eabi-objdump -h -S Lab5.elf  > "Lab5.list"
arm-none-eabi-objcopy  -O binary Lab5.elf  "Lab5.bin"
   text	   data	    bss	    dec	    hex	filename
  29404	    468	   2444	  32316	   7e3c	Lab5.elf
Finished building: default.size.stdout
 
Finished building: Lab5.bin
 
Finished building: Lab5.list
 
00:10:39 **** Incremental Build of configuration Debug for project Lab5 ****
make -j12 all 
arm-none-eabi-size  Lab5.elf 
   text	   data	    bss	    dec	    hex	filename
  29404	    468	   2444	  32316	   7e3c	Lab5.elf
Finished building: default.size.stdout
 
00:13:00 **** Incremental Build of configuration Debug for project Lab5 ****
make -j12 all 
arm-none-eabi-gcc "../Core/Src/main.c" -mcpu=cortex-m7 -std=gnu11 -g3 -DDEBUG -DUSE_HAL_DRIVER -DSTM32F767xx -c -I../Core/Inc -I../Drivers/STM32F7xx_HAL_Driver/Inc -I../Drivers/STM32F7xx_HAL_Driver/Inc/Legacy -I../Drivers/CMSIS/Device/ST/STM32F7xx/Include -I../Drivers/CMSIS/Include -O0 -ffunction-sections -fdata-sections -Wall -fstack-usage -fcyclomatic-complexity -MMD -MP -MF"Core/Src/main.d" -MT"Core/Src/main.o" --specs=nano.specs -mfpu=fpv5-d16 -mfloat-abi=hard -mthumb -o "Core/Src/main.o"
../Core/Src/main.c: In function 'inputText':
../Core/Src/main.c:133:43: warning: passing argument 1 of 'sprintf' from incompatible pointer type [-Wincompatible-pointer-types]
  133 |                                   sprintf(msg, sizeof(msg), "0x%X", rx_message);
      |                                           ^~~
      |                                           |
      |                                           char **
In file included from ../Core/Src/main.c:24:
C:\ST\STM32CubeIDE_1.17.0\STM32CubeIDE\plugins\com.st.stm32cube.ide.mcu.externaltools.gnu-tools-for-stm32.12.3.rel1.win32_1.1.0.202410251130\tools\bin/../lib/gcc/arm-none-eabi/12.3.1/../../../../arm-none-eabi/include/stdio.h:250:18: note: expected 'char * restrict' but argument is of type 'char **'
  250 | int     sprintf (char *__restrict, const char *__restrict, ...)
      |                  ^
../Core/Src/main.c:133:48: warning: passing argument 2 of 'sprintf' makes pointer from integer without a cast [-Wint-conversion]
  133 |                                   sprintf(msg, sizeof(msg), "0x%X", rx_message);
      |                                                ^~~~~~~~~~~
      |                                                |
      |                                                unsigned int
C:\ST\STM32CubeIDE_1.17.0\STM32CubeIDE\plugins\com.st.stm32cube.ide.mcu.externaltools.gnu-tools-for-stm32.12.3.rel1.win32_1.1.0.202410251130\tools\bin/../lib/gcc/arm-none-eabi/12.3.1/../../../../arm-none-eabi/include/stdio.h:250:36: note: expected 'const char * restrict' but argument is of type 'unsigned int'
  250 | int     sprintf (char *__restrict, const char *__restrict, ...)
      |                                    ^
../Core/Src/main.c:134:62: warning: passing argument 2 of 'HAL_UART_Transmit' from incompatible pointer type [-Wincompatible-pointer-types]
  134 |                                   HAL_UART_Transmit(&huart3, msg, sizeof(msg), HAL_MAX_DELAY);
      |                                                              ^~~
      |                                                              |
      |                                                              char **
In file included from ../Core/Inc/stm32f7xx_hal_conf.h:415,
                 from ../Drivers/STM32F7xx_HAL_Driver/Inc/stm32f7xx_hal.h:29,
                 from ../Core/Inc/main.h:30,
                 from ../Core/Src/main.c:20:
../Drivers/STM32F7xx_HAL_Driver/Inc/stm32f7xx_hal_uart.h:1553:79: note: expected 'const uint8_t *' {aka 'const unsigned char *'} but argument is of type 'char **'
 1553 | HAL_StatusTypeDef HAL_UART_Transmit(UART_HandleTypeDef *huart, const uint8_t *pData, uint16_t Size, uint32_t Timeout);
      |                                                                ~~~~~~~~~~~~~~~^~~~~
../Core/Src/main.c:107:13: warning: variable 'len_rx' set but not used [-Wunused-but-set-variable]
  107 |         int len_rx = 0;
      |             ^~~~~~
../Core/Src/main.c: In function 'avrage_8':
../Core/Src/main.c:148:16: warning: type defaults to 'int' in declaration of 'total' [-Wimplicit-int]
  148 |         static total = 0;
      |                ^~~~~
../Core/Src/main.c: In function 'avrage_16':
../Core/Src/main.c:159:16: warning: type defaults to 'int' in declaration of 'total' [-Wimplicit-int]
  159 |         static total = 0;
      |                ^~~~~
../Core/Src/main.c: In function 'main':
../Core/Src/main.c:256:57: warning: '%s' directive output may be truncated writing up to 99 bytes into a region of size 90 [-Wformat-truncation=]
  256 |           snprintf(message, sizeof(message), "ADC1_CH10 %s Vin = %.2f V\r\n", hexBuffer, voltage);
      |                                                         ^~                    ~~~~~~~~~
../Core/Src/main.c:256:46: note: assuming directive output of 4 bytes
  256 |           snprintf(message, sizeof(message), "ADC1_CH10 %s Vin = %.2f V\r\n", hexBuffer, voltage);
      |                                              ^~~~~~~~~~~~~~~~~~~~~~~~~~~~~~~
../Core/Src/main.c:256:11: note: 'snprintf' output between 25 and 434 bytes into a destination of size 100
  256 |           snprintf(message, sizeof(message), "ADC1_CH10 %s Vin = %.2f V\r\n", hexBuffer, voltage);
      |           ^~~~~~~~~~~~~~~~~~~~~~~~~~~~~~~~~~~~~~~~~~~~~~~~~~~~~~~~~~~~~~~~~~~~~~~~~~~~~~~~~~~~~~~
arm-none-eabi-gcc -o "Lab5.elf" @"objects.list"   -mcpu=cortex-m7 -T"D:\STM32\Lab5\Lab5\STM32F767ZITX_FLASH.ld" --specs=nosys.specs -Wl,-Map="Lab5.map" -Wl,--gc-sections -static --specs=nano.specs -mfpu=fpv5-d16 -mfloat-abi=hard -mthumb -u _printf_float -Wl,--start-group -lc -lm -Wl,--end-group
Finished building target: Lab5.elf
 
arm-none-eabi-size  Lab5.elf 
arm-none-eabi-objdump -h -S Lab5.elf  > "Lab5.list"
arm-none-eabi-objcopy  -O binary Lab5.elf  "Lab5.bin"
   text	   data	    bss	    dec	    hex	filename
  29420	    468	   2444	  32332	   7e4c	Lab5.elf
Finished building: default.size.stdout
 
Finished building: Lab5.bin
 
Finished building: Lab5.list
 
00:13:09 **** Incremental Build of configuration Debug for project Lab5 ****
make -j12 all 
arm-none-eabi-size  Lab5.elf 
   text	   data	    bss	    dec	    hex	filename
  29420	    468	   2444	  32332	   7e4c	Lab5.elf
Finished building: default.size.stdout
 
00:15:01 **** Incremental Build of configuration Debug for project Lab5 ****
make -j12 all 
arm-none-eabi-gcc "../Core/Src/main.c" -mcpu=cortex-m7 -std=gnu11 -g3 -DDEBUG -DUSE_HAL_DRIVER -DSTM32F767xx -c -I../Core/Inc -I../Drivers/STM32F7xx_HAL_Driver/Inc -I../Drivers/STM32F7xx_HAL_Driver/Inc/Legacy -I../Drivers/CMSIS/Device/ST/STM32F7xx/Include -I../Drivers/CMSIS/Include -O0 -ffunction-sections -fdata-sections -Wall -fstack-usage -fcyclomatic-complexity -MMD -MP -MF"Core/Src/main.d" -MT"Core/Src/main.o" --specs=nano.specs -mfpu=fpv5-d16 -mfloat-abi=hard -mthumb -o "Core/Src/main.o"
../Core/Src/main.c: In function 'inputText':
../Core/Src/main.c:133:43: warning: passing argument 1 of 'sprintf' from incompatible pointer type [-Wincompatible-pointer-types]
  133 |                                   sprintf(msg, sizeof(msg), "0x%X", rx_message);
      |                                           ^~~
      |                                           |
      |                                           char **
In file included from ../Core/Src/main.c:24:
C:\ST\STM32CubeIDE_1.17.0\STM32CubeIDE\plugins\com.st.stm32cube.ide.mcu.externaltools.gnu-tools-for-stm32.12.3.rel1.win32_1.1.0.202410251130\tools\bin/../lib/gcc/arm-none-eabi/12.3.1/../../../../arm-none-eabi/include/stdio.h:250:18: note: expected 'char * restrict' but argument is of type 'char **'
  250 | int     sprintf (char *__restrict, const char *__restrict, ...)
      |                  ^
../Core/Src/main.c:133:48: warning: passing argument 2 of 'sprintf' makes pointer from integer without a cast [-Wint-conversion]
  133 |                                   sprintf(msg, sizeof(msg), "0x%X", rx_message);
      |                                                ^~~~~~~~~~~
      |                                                |
      |                                                unsigned int
C:\ST\STM32CubeIDE_1.17.0\STM32CubeIDE\plugins\com.st.stm32cube.ide.mcu.externaltools.gnu-tools-for-stm32.12.3.rel1.win32_1.1.0.202410251130\tools\bin/../lib/gcc/arm-none-eabi/12.3.1/../../../../arm-none-eabi/include/stdio.h:250:36: note: expected 'const char * restrict' but argument is of type 'unsigned int'
  250 | int     sprintf (char *__restrict, const char *__restrict, ...)
      |                                    ^
../Core/Src/main.c:134:62: warning: passing argument 2 of 'HAL_UART_Transmit' from incompatible pointer type [-Wincompatible-pointer-types]
  134 |                                   HAL_UART_Transmit(&huart3, msg, sizeof(msg), HAL_MAX_DELAY);
      |                                                              ^~~
      |                                                              |
      |                                                              char **
In file included from ../Core/Inc/stm32f7xx_hal_conf.h:415,
                 from ../Drivers/STM32F7xx_HAL_Driver/Inc/stm32f7xx_hal.h:29,
                 from ../Core/Inc/main.h:30,
                 from ../Core/Src/main.c:20:
../Drivers/STM32F7xx_HAL_Driver/Inc/stm32f7xx_hal_uart.h:1553:79: note: expected 'const uint8_t *' {aka 'const unsigned char *'} but argument is of type 'char **'
 1553 | HAL_StatusTypeDef HAL_UART_Transmit(UART_HandleTypeDef *huart, const uint8_t *pData, uint16_t Size, uint32_t Timeout);
      |                                                                ~~~~~~~~~~~~~~~^~~~~
../Core/Src/main.c:107:13: warning: variable 'len_rx' set but not used [-Wunused-but-set-variable]
  107 |         int len_rx = 0;
      |             ^~~~~~
../Core/Src/main.c: In function 'avrage_8':
../Core/Src/main.c:148:16: warning: type defaults to 'int' in declaration of 'total' [-Wimplicit-int]
  148 |         static total = 0;
      |                ^~~~~
../Core/Src/main.c: In function 'avrage_16':
../Core/Src/main.c:159:16: warning: type defaults to 'int' in declaration of 'total' [-Wimplicit-int]
  159 |         static total = 0;
      |                ^~~~~
../Core/Src/main.c: In function 'main':
../Core/Src/main.c:256:57: warning: '%s' directive output may be truncated writing up to 99 bytes into a region of size 90 [-Wformat-truncation=]
  256 |           snprintf(message, sizeof(message), "ADC1_CH10 %s Vin = %.2f V\r\n", hexBuffer, voltage);
      |                                                         ^~                    ~~~~~~~~~
../Core/Src/main.c:256:46: note: assuming directive output of 4 bytes
  256 |           snprintf(message, sizeof(message), "ADC1_CH10 %s Vin = %.2f V\r\n", hexBuffer, voltage);
      |                                              ^~~~~~~~~~~~~~~~~~~~~~~~~~~~~~~
../Core/Src/main.c:256:11: note: 'snprintf' output between 25 and 434 bytes into a destination of size 100
  256 |           snprintf(message, sizeof(message), "ADC1_CH10 %s Vin = %.2f V\r\n", hexBuffer, voltage);
      |           ^~~~~~~~~~~~~~~~~~~~~~~~~~~~~~~~~~~~~~~~~~~~~~~~~~~~~~~~~~~~~~~~~~~~~~~~~~~~~~~~~~~~~~~
arm-none-eabi-gcc -o "Lab5.elf" @"objects.list"   -mcpu=cortex-m7 -T"D:\STM32\Lab5\Lab5\STM32F767ZITX_FLASH.ld" --specs=nosys.specs -Wl,-Map="Lab5.map" -Wl,--gc-sections -static --specs=nano.specs -mfpu=fpv5-d16 -mfloat-abi=hard -mthumb -u _printf_float -Wl,--start-group -lc -lm -Wl,--end-group
Finished building target: Lab5.elf
 
arm-none-eabi-size  Lab5.elf 
arm-none-eabi-objdump -h -S Lab5.elf  > "Lab5.list"
arm-none-eabi-objcopy  -O binary Lab5.elf  "Lab5.bin"
   text	   data	    bss	    dec	    hex	filename
  29404	    468	   2444	  32316	   7e3c	Lab5.elf
Finished building: default.size.stdout
 
Finished building: Lab5.bin
 
Finished building: Lab5.list
 
00:41:16 **** Build of configuration Debug for project Lab5 ****
make -j12 all 
arm-none-eabi-gcc "../Core/Src/main.c" -mcpu=cortex-m7 -std=gnu11 -g3 -DDEBUG -DUSE_HAL_DRIVER -DSTM32F767xx -c -I../Core/Inc -I../Drivers/STM32F7xx_HAL_Driver/Inc -I../Drivers/STM32F7xx_HAL_Driver/Inc/Legacy -I../Drivers/CMSIS/Device/ST/STM32F7xx/Include -I../Drivers/CMSIS/Include -O0 -ffunction-sections -fdata-sections -Wall -fstack-usage -fcyclomatic-complexity -MMD -MP -MF"Core/Src/main.d" -MT"Core/Src/main.o" --specs=nano.specs -mfpu=fpv5-d16 -mfloat-abi=hard -mthumb -o "Core/Src/main.o"
../Core/Src/main.c: In function 'inputText':
../Core/Src/main.c:133:43: warning: passing argument 1 of 'sprintf' from incompatible pointer type [-Wincompatible-pointer-types]
  133 |                                   sprintf(msg, sizeof(msg), "0x%X", rx_message);
      |                                           ^~~
      |                                           |
      |                                           char **
In file included from ../Core/Src/main.c:24:
C:\ST\STM32CubeIDE_1.17.0\STM32CubeIDE\plugins\com.st.stm32cube.ide.mcu.externaltools.gnu-tools-for-stm32.12.3.rel1.win32_1.1.0.202410251130\tools\bin/../lib/gcc/arm-none-eabi/12.3.1/../../../../arm-none-eabi/include/stdio.h:250:18: note: expected 'char * restrict' but argument is of type 'char **'
  250 | int     sprintf (char *__restrict, const char *__restrict, ...)
      |                  ^
../Core/Src/main.c:133:48: warning: passing argument 2 of 'sprintf' makes pointer from integer without a cast [-Wint-conversion]
  133 |                                   sprintf(msg, sizeof(msg), "0x%X", rx_message);
      |                                                ^~~~~~~~~~~
      |                                                |
      |                                                unsigned int
C:\ST\STM32CubeIDE_1.17.0\STM32CubeIDE\plugins\com.st.stm32cube.ide.mcu.externaltools.gnu-tools-for-stm32.12.3.rel1.win32_1.1.0.202410251130\tools\bin/../lib/gcc/arm-none-eabi/12.3.1/../../../../arm-none-eabi/include/stdio.h:250:36: note: expected 'const char * restrict' but argument is of type 'unsigned int'
  250 | int     sprintf (char *__restrict, const char *__restrict, ...)
      |                                    ^
../Core/Src/main.c:134:62: warning: passing argument 2 of 'HAL_UART_Transmit' from incompatible pointer type [-Wincompatible-pointer-types]
  134 |                                   HAL_UART_Transmit(&huart3, msg, sizeof(msg), HAL_MAX_DELAY);
      |                                                              ^~~
      |                                                              |
      |                                                              char **
In file included from ../Core/Inc/stm32f7xx_hal_conf.h:415,
                 from ../Drivers/STM32F7xx_HAL_Driver/Inc/stm32f7xx_hal.h:29,
                 from ../Core/Inc/main.h:30,
                 from ../Core/Src/main.c:20:
../Drivers/STM32F7xx_HAL_Driver/Inc/stm32f7xx_hal_uart.h:1553:79: note: expected 'const uint8_t *' {aka 'const unsigned char *'} but argument is of type 'char **'
 1553 | HAL_StatusTypeDef HAL_UART_Transmit(UART_HandleTypeDef *huart, const uint8_t *pData, uint16_t Size, uint32_t Timeout);
      |                                                                ~~~~~~~~~~~~~~~^~~~~
../Core/Src/main.c:107:13: warning: variable 'len_rx' set but not used [-Wunused-but-set-variable]
  107 |         int len_rx = 0;
      |             ^~~~~~
../Core/Src/main.c: In function 'avrage_8':
../Core/Src/main.c:148:16: warning: type defaults to 'int' in declaration of 'total' [-Wimplicit-int]
  148 |         static total = 0;
      |                ^~~~~
../Core/Src/main.c: In function 'avrage_16':
../Core/Src/main.c:159:16: warning: type defaults to 'int' in declaration of 'total' [-Wimplicit-int]
  159 |         static total = 0;
      |                ^~~~~
../Core/Src/main.c: In function 'main':
../Core/Src/main.c:255:57: warning: '%s' directive output may be truncated writing up to 99 bytes into a region of size 90 [-Wformat-truncation=]
  255 |           snprintf(message, sizeof(message), "ADC1_CH10 %s Vin = %.2f V\r\n", hexBuffer, voltage);
      |                                                         ^~                    ~~~~~~~~~
../Core/Src/main.c:255:46: note: assuming directive output of 4 bytes
  255 |           snprintf(message, sizeof(message), "ADC1_CH10 %s Vin = %.2f V\r\n", hexBuffer, voltage);
      |                                              ^~~~~~~~~~~~~~~~~~~~~~~~~~~~~~~
../Core/Src/main.c:255:11: note: 'snprintf' output between 25 and 434 bytes into a destination of size 100
  255 |           snprintf(message, sizeof(message), "ADC1_CH10 %s Vin = %.2f V\r\n", hexBuffer, voltage);
      |           ^~~~~~~~~~~~~~~~~~~~~~~~~~~~~~~~~~~~~~~~~~~~~~~~~~~~~~~~~~~~~~~~~~~~~~~~~~~~~~~~~~~~~~~
arm-none-eabi-gcc -o "Lab5.elf" @"objects.list"   -mcpu=cortex-m7 -T"D:\STM32\Lab5\Lab5\STM32F767ZITX_FLASH.ld" --specs=nosys.specs -Wl,-Map="Lab5.map" -Wl,--gc-sections -static --specs=nano.specs -mfpu=fpv5-d16 -mfloat-abi=hard -mthumb -u _printf_float -Wl,--start-group -lc -lm -Wl,--end-group
Finished building target: Lab5.elf
 
arm-none-eabi-size  Lab5.elf 
arm-none-eabi-objdump -h -S Lab5.elf  > "Lab5.list"
arm-none-eabi-objcopy  -O binary Lab5.elf  "Lab5.bin"
   text	   data	    bss	    dec	    hex	filename
  29404	    468	   2444	  32316	   7e3c	Lab5.elf
Finished building: default.size.stdout
 
Finished building: Lab5.bin
 
Finished building: Lab5.list
 
