00:41:16 **** Build of configuration Debug for project Lab5 ****
make -j12 all 
arm-none-eabi-gcc "../Core/Src/main.c" -mcpu=cortex-m7 -std=gnu11 -g3 -DDEBUG -DUSE_HAL_DRIVER -DSTM32F767xx -c -I../Core/Inc -I../Drivers/STM32F7xx_HAL_Driver/Inc -I../Drivers/STM32F7xx_HAL_Driver/Inc/Legacy -I../Drivers/CMSIS/Device/ST/STM32F7xx/Include -I../Drivers/CMSIS/Include -O0 -ffunction-sections -fdata-sections -Wall -fstack-usage -fcyclomatic-complexity -MMD -MP -MF"Core/Src/main.d" -MT"Core/Src/main.o" --specs=nano.specs -mfpu=fpv5-d16 -mfloat-abi=hard -mthumb -o "Core/Src/main.o"
../Core/Src/main.c: In function 'inputText':
../Core/Src/main.c:133:43: warning: passing argument 1 of 'sprintf' from incompatible pointer type [-Wincompatible-pointer-types]
  133 |                                   sprintf(msg, sizeof(msg), "0x%X", rx_message);
      |                                           ^~~
      |                                           |
      |                                           char **
In file included from ../Core/Src/main.c:24:
C:\ST\STM32CubeIDE_1.17.0\STM32CubeIDE\plugins\com.st.stm32cube.ide.mcu.externaltools.gnu-tools-for-stm32.12.3.rel1.win32_1.1.0.202410251130\tools\bin/../lib/gcc/arm-none-eabi/12.3.1/../../../../arm-none-eabi/include/stdio.h:250:18: note: expected 'char * restrict' but argument is of type 'char **'
  250 | int     sprintf (char *__restrict, const char *__restrict, ...)
      |                  ^
../Core/Src/main.c:133:48: warning: passing argument 2 of 'sprintf' makes pointer from integer without a cast [-Wint-conversion]
  133 |                                   sprintf(msg, sizeof(msg), "0x%X", rx_message);
      |                                                ^~~~~~~~~~~
      |                                                |
      |                                                unsigned int
C:\ST\STM32CubeIDE_1.17.0\STM32CubeIDE\plugins\com.st.stm32cube.ide.mcu.externaltools.gnu-tools-for-stm32.12.3.rel1.win32_1.1.0.202410251130\tools\bin/../lib/gcc/arm-none-eabi/12.3.1/../../../../arm-none-eabi/include/stdio.h:250:36: note: expected 'const char * restrict' but argument is of type 'unsigned int'
  250 | int     sprintf (char *__restrict, const char *__restrict, ...)
      |                                    ^
../Core/Src/main.c:134:62: warning: passing argument 2 of 'HAL_UART_Transmit' from incompatible pointer type [-Wincompatible-pointer-types]
  134 |                                   HAL_UART_Transmit(&huart3, msg, sizeof(msg), HAL_MAX_DELAY);
      |                                                              ^~~
      |                                                              |
      |                                                              char **
In file included from ../Core/Inc/stm32f7xx_hal_conf.h:415,
                 from ../Drivers/STM32F7xx_HAL_Driver/Inc/stm32f7xx_hal.h:29,
                 from ../Core/Inc/main.h:30,
                 from ../Core/Src/main.c:20:
../Drivers/STM32F7xx_HAL_Driver/Inc/stm32f7xx_hal_uart.h:1553:79: note: expected 'const uint8_t *' {aka 'const unsigned char *'} but argument is of type 'char **'
 1553 | HAL_StatusTypeDef HAL_UART_Transmit(UART_HandleTypeDef *huart, const uint8_t *pData, uint16_t Size, uint32_t Timeout);
      |                                                                ~~~~~~~~~~~~~~~^~~~~
../Core/Src/main.c:107:13: warning: variable 'len_rx' set but not used [-Wunused-but-set-variable]
  107 |         int len_rx = 0;
      |             ^~~~~~
../Core/Src/main.c: In function 'avrage_8':
../Core/Src/main.c:148:16: warning: type defaults to 'int' in declaration of 'total' [-Wimplicit-int]
  148 |         static total = 0;
      |                ^~~~~
../Core/Src/main.c: In function 'avrage_16':
../Core/Src/main.c:159:16: warning: type defaults to 'int' in declaration of 'total' [-Wimplicit-int]
  159 |         static total = 0;
      |                ^~~~~
../Core/Src/main.c: In function 'main':
../Core/Src/main.c:255:57: warning: '%s' directive output may be truncated writing up to 99 bytes into a region of size 90 [-Wformat-truncation=]
  255 |           snprintf(message, sizeof(message), "ADC1_CH10 %s Vin = %.2f V\r\n", hexBuffer, voltage);
      |                                                         ^~                    ~~~~~~~~~
../Core/Src/main.c:255:46: note: assuming directive output of 4 bytes
  255 |           snprintf(message, sizeof(message), "ADC1_CH10 %s Vin = %.2f V\r\n", hexBuffer, voltage);
      |                                              ^~~~~~~~~~~~~~~~~~~~~~~~~~~~~~~
../Core/Src/main.c:255:11: note: 'snprintf' output between 25 and 434 bytes into a destination of size 100
  255 |           snprintf(message, sizeof(message), "ADC1_CH10 %s Vin = %.2f V\r\n", hexBuffer, voltage);
      |           ^~~~~~~~~~~~~~~~~~~~~~~~~~~~~~~~~~~~~~~~~~~~~~~~~~~~~~~~~~~~~~~~~~~~~~~~~~~~~~~~~~~~~~~
arm-none-eabi-gcc -o "Lab5.elf" @"objects.list"   -mcpu=cortex-m7 -T"D:\STM32\Lab5\Lab5\STM32F767ZITX_FLASH.ld" --specs=nosys.specs -Wl,-Map="Lab5.map" -Wl,--gc-sections -static --specs=nano.specs -mfpu=fpv5-d16 -mfloat-abi=hard -mthumb -u _printf_float -Wl,--start-group -lc -lm -Wl,--end-group
Finished building target: Lab5.elf
 
arm-none-eabi-size  Lab5.elf 
arm-none-eabi-objdump -h -S Lab5.elf  > "Lab5.list"
arm-none-eabi-objcopy  -O binary Lab5.elf  "Lab5.bin"
   text	   data	    bss	    dec	    hex	filename
  29404	    468	   2444	  32316	   7e3c	Lab5.elf
Finished building: default.size.stdout
 
Finished building: Lab5.bin
 
Finished building: Lab5.list
 

00:41:17 Build Finished. 0 errors, 7 warnings. (took 966ms)

