2025-01-25 02:05:50,442 [ERROR] LogOutputStream:75 - [STDERR_REDIRECT] 
2025-01-25 18:39:54,370 [INFO] Activator:176 - 


2025-01-25 18:39:54,372 [INFO] Activator:177 - !SESSION log4j initialized
2025-01-25 18:39:59,785 [INFO] LogOutputStream:77 - [STDOUT_REDIRECT] 
2025-01-25 18:40:00,954 [INFO] ApplicationProperties:184 - Using Application install path: C:\ST\STM32CubeIDE_1.17.0\STM32CubeIDE\plugins\com.st.stm32cube.common.mx_6.13.0.202411220809
2025-01-25 18:40:00,972 [INFO] DbMcusXml:78 - Set database path to: C:\ST\STM32CubeIDE_1.17.0\STM32CubeIDE\plugins\com.st.stm32cube.common.mx_6.13.0.202411220809\\db\/mcu/
2025-01-25 18:40:00,973 [INFO] ApiDb:274 - Set plugin database path to: C:\ST\STM32CubeIDE_1.17.0\STM32CubeIDE\plugins\com.st.stm32cube.common.mx_6.13.0.202411220809\\db\/plugins/boardmanager/
2025-01-25 18:40:00,973 [WARN] ApiDb:259 - Overriding images path with different value:  => C:\ST\STM32CubeIDE_1.17.0\STM32CubeIDE\plugins\com.st.stm32cube.common.mx_6.13.0.202411220809\\db\/plugins/mcufinder/images/
2025-01-25 18:40:00,982 [INFO] ApiDb:250 - Set database path to: C:\Users\ddpat\.stmcufinder\plugins\mcufinder//mcu/
2025-01-25 18:40:00,984 [INFO] DbMcusAds:125 - Set database path to: C:\Users\ddpat\.stmcufinder\plugins\mcufinder//mcu/
2025-01-25 18:40:00,986 [INFO] CrossReferenceDbSqlite:203 - Set database path to: C:\Users\ddpat\.stmcufinder\plugins\mcufinder//mcu/cs/
2025-01-25 18:40:01,106 [INFO] RulesReader:64 - Compatibility file has been processed (297 Rules)
2025-01-25 18:40:01,187 [INFO] DbMcusXml:78 - Set database path to: C:\ST\STM32CubeIDE_1.17.0\STM32CubeIDE\plugins\com.st.stm32cube.common.mx_6.13.0.202411220809\\db\/mcu/
2025-01-25 18:40:01,187 [INFO] ApiDb:274 - Set plugin database path to: C:\ST\STM32CubeIDE_1.17.0\STM32CubeIDE\plugins\com.st.stm32cube.common.mx_6.13.0.202411220809\\db\/plugins/boardmanager/
2025-01-25 18:40:01,187 [INFO] ApiDb:261 - Set plugin images path to: C:\ST\STM32CubeIDE_1.17.0\STM32CubeIDE\plugins\com.st.stm32cube.common.mx_6.13.0.202411220809\\db\/plugins/mcufinder/images/
2025-01-25 18:40:01,187 [WARN] DbFile:41 - Overriding database path with different value: C:\Users\ddpat\.stmcufinder\plugins\mcufinder/ => C:\Users\ddpat\.stmcufinder\plugins\mcufinder
2025-01-25 18:40:01,188 [INFO] ApiDb:250 - Set database path to: C:\Users\ddpat\.stmcufinder\plugins\mcufinder//mcu/
2025-01-25 18:40:01,188 [WARN] DbFile:41 - Overriding database path with different value: C:\Users\ddpat\.stmcufinder\plugins\mcufinder/ => C:\Users\ddpat\.stmcufinder\plugins\mcufinder
2025-01-25 18:40:01,188 [INFO] DbMcusAds:125 - Set database path to: C:\Users\ddpat\.stmcufinder\plugins\mcufinder//mcu/
2025-01-25 18:40:01,188 [WARN] DbFile:41 - Overriding database path with different value: C:\Users\ddpat\.stmcufinder\plugins\mcufinder/ => C:\Users\ddpat\.stmcufinder\plugins\mcufinder
2025-01-25 18:40:01,188 [WARN] DbFile:41 - Overriding database path with different value: C:\Users\ddpat\.stmcufinder\plugins\mcufinder/ => C:\Users\ddpat\.stmcufinder\plugins\mcufinder
2025-01-25 18:40:01,188 [INFO] CrossReferenceDbSqlite:203 - Set database path to: C:\Users\ddpat\.stmcufinder\plugins\mcufinder//mcu/cs/
2025-01-25 18:40:01,269 [INFO] MainPanel:272 - HeapMemory: 268435456
2025-01-25 18:40:01,394 [INFO] DbMcusXml:78 - Set database path to: C:\ST\STM32CubeIDE_1.17.0\STM32CubeIDE\plugins\com.st.stm32cube.common.mx_6.13.0.202411220809\\db\/mcu/
2025-01-25 18:40:01,394 [INFO] ApiDb:274 - Set plugin database path to: C:\ST\STM32CubeIDE_1.17.0\STM32CubeIDE\plugins\com.st.stm32cube.common.mx_6.13.0.202411220809\\db\/plugins/boardmanager/
2025-01-25 18:40:01,394 [INFO] ApiDb:261 - Set plugin images path to: C:\ST\STM32CubeIDE_1.17.0\STM32CubeIDE\plugins\com.st.stm32cube.common.mx_6.13.0.202411220809\\db\/plugins/mcufinder/images/
2025-01-25 18:40:01,394 [WARN] DbFile:41 - Overriding database path with different value: C:\Users\ddpat\.stmcufinder\plugins\mcufinder/ => C:\Users\ddpat\.stmcufinder\plugins\mcufinder
2025-01-25 18:40:01,394 [INFO] ApiDb:250 - Set database path to: C:\Users\ddpat\.stmcufinder\plugins\mcufinder//mcu/
2025-01-25 18:40:01,394 [WARN] DbFile:41 - Overriding database path with different value: C:\Users\ddpat\.stmcufinder\plugins\mcufinder/ => C:\Users\ddpat\.stmcufinder\plugins\mcufinder
2025-01-25 18:40:01,394 [INFO] DbMcusAds:125 - Set database path to: C:\Users\ddpat\.stmcufinder\plugins\mcufinder//mcu/
2025-01-25 18:40:01,395 [WARN] DbFile:41 - Overriding database path with different value: C:\Users\ddpat\.stmcufinder\plugins\mcufinder/ => C:\Users\ddpat\.stmcufinder\plugins\mcufinder
2025-01-25 18:40:01,395 [WARN] DbFile:41 - Overriding database path with different value: C:\Users\ddpat\.stmcufinder\plugins\mcufinder/ => C:\Users\ddpat\.stmcufinder\plugins\mcufinder
2025-01-25 18:40:01,395 [INFO] CrossReferenceDbSqlite:203 - Set database path to: C:\Users\ddpat\.stmcufinder\plugins\mcufinder//mcu/cs/
2025-01-25 18:40:01,414 [INFO] ApplicationProperties:184 - Using Application install path: C:\ST\STM32CubeIDE_1.17.0\STM32CubeIDE\plugins\com.st.stm32cube.common.mx_6.13.0.202411220809
2025-01-25 18:40:01,415 [INFO] PluginManage:196 - Search for loadable plugins [exclusion list=, ]
2025-01-25 18:40:01,417 [INFO] PluginManage:310 - Check plugin analytics
2025-01-25 18:40:01,565 [INFO] AnalyticsPlugin:253 - Accepted Software Licenses: 
2025-01-25 18:40:01,565 [INFO] AnalyticsPlugin:255 - Accepted CMSIS Pack Licenses: 
2025-01-25 18:40:01,565 [INFO] AnalyticsPlugin:257 - Accepted Firmware Licenses: 
2025-01-25 18:40:01,568 [INFO] PluginManage:359 - Loaded plugin analytics (category:tool,tabindex:-1)
2025-01-25 18:40:01,568 [INFO] PluginManage:310 - Check plugin cadmodel
2025-01-25 18:40:01,586 [INFO] CADModel:105 - Init CAD model plugin
2025-01-25 18:40:01,586 [INFO] PluginManage:359 - Loaded plugin cadmodel (category:power,tabindex:5)
2025-01-25 18:40:01,586 [INFO] PluginManage:310 - Check plugin clock
2025-01-25 18:40:01,607 [INFO] PluginManage:359 - Loaded plugin clock (category:base,tabindex:2)
2025-01-25 18:40:01,607 [INFO] PluginManage:310 - Check plugin ddr
2025-01-25 18:40:01,611 [INFO] PluginManage:359 - Loaded plugin ddr (category:tool,tabindex:6)
2025-01-25 18:40:01,611 [INFO] PluginManage:310 - Check plugin filemanager
2025-01-25 18:40:01,756 [INFO] PluginManage:359 - Loaded plugin filemanager (category:base,tabindex:10)
2025-01-25 18:40:01,756 [INFO] PluginManage:310 - Check plugin ipmanager
2025-01-25 18:40:01,765 [INFO] PluginManage:359 - Loaded plugin ipmanager (category:base,tabindex:5)
2025-01-25 18:40:01,765 [INFO] PluginManage:310 - Check plugin lpbam
2025-01-25 18:40:01,784 [INFO] PluginManage:359 - Loaded plugin lpbam (category:base,tabindex:0)
2025-01-25 18:40:01,784 [INFO] PluginManage:310 - Check plugin memorymap
2025-01-25 18:40:01,813 [INFO] PluginManage:359 - Loaded plugin memorymap (category:base,tabindex:4)
2025-01-25 18:40:01,813 [INFO] PluginManage:310 - Check plugin pinoutandconfiguration
2025-01-25 18:40:01,835 [INFO] PluginManage:359 - Loaded plugin pinoutandconfiguration (category:base,tabindex:1)
2025-01-25 18:40:01,836 [INFO] PluginManage:310 - Check plugin pinoutconfig
2025-01-25 18:40:01,936 [WARN] SupportedApi:132 - Cannot load RTOS API schema: s4s-elt-must-match.1: The content of 'definitions' must match (annotation?, (simpleType | complexType)?, (unique | key | keyref)*)). A problem was found starting at: attribute.
2025-01-25 18:40:02,076 [INFO] PluginManage:359 - Loaded plugin pinoutconfig (category:base,tabindex:0)
2025-01-25 18:40:02,076 [INFO] PluginManage:310 - Check plugin power
2025-01-25 18:40:02,101 [INFO] PluginManage:359 - Loaded plugin power (category:power,tabindex:4)
2025-01-25 18:40:02,101 [INFO] PluginManage:310 - Check plugin projectmanager
2025-01-25 18:40:02,117 [INFO] PluginManage:359 - Loaded plugin projectmanager (category:projectmanager,tabindex:4)
2025-01-25 18:40:02,117 [INFO] PluginManage:310 - Check plugin rif
2025-01-25 18:40:02,139 [INFO] PluginManage:359 - Loaded plugin rif (category:base,tabindex:3)
2025-01-25 18:40:02,139 [INFO] PluginManage:310 - Check plugin thirdparty
2025-01-25 18:40:02,454 [INFO] PluginManage:359 - Loaded plugin thirdparty (category:base,tabindex:-1)
2025-01-25 18:40:02,454 [INFO] PluginManage:310 - Check plugin tools
2025-01-25 18:40:02,454 [WARN] IntegrityCheckThread:84 - waiting for thirdparty lock release [integrity check]
2025-01-25 18:40:02,454 [INFO] IntegrityCheckThread:86 - entering critical section [integrity check]
2025-01-25 18:40:02,455 [INFO] ThirdPartyUpdaterWithRetryManager:70 - Updater plugin not ready yet. [1/15]
2025-01-25 18:40:02,502 [INFO] PluginManage:359 - Loaded plugin tools (category:base,tabindex:7)
2025-01-25 18:40:02,502 [INFO] PluginManage:310 - Check plugin tutovideos
2025-01-25 18:40:02,699 [INFO] PluginManage:359 - Loaded plugin tutovideos (category:base,tabindex:-1)
2025-01-25 18:40:02,699 [INFO] PluginManage:310 - Check plugin updater
2025-01-25 18:40:02,721 [INFO] PluginManage:359 - Loaded plugin updater (category:base,tabindex:12)
2025-01-25 18:40:02,721 [INFO] PluginManage:310 - Check plugin userauth
2025-01-25 18:40:02,726 [INFO] UserAuth:118 - Init User Auth plugin
2025-01-25 18:40:02,727 [INFO] PluginManage:359 - Loaded plugin userauth (category:base,tabindex:14)
2025-01-25 18:40:02,727 [INFO] PluginManage:283 - PluginManage : Loaded plugins [18]
2025-01-25 18:40:02,942 [INFO] PinOutPanel:1589 - setPackage(No Configuration,No Configuration)
2025-01-25 18:40:03,033 [INFO] CADModel:165 - CPN selected for project level
2025-01-25 18:40:03,034 [INFO] CADModel:114 - Register for checkConnection events
2025-01-25 18:40:03,065 [INFO] IPUIPlugin:80 - create IPUIPlugin
2025-01-25 18:40:03,066 [INFO] PluginManager:220 - loadIPPluginJar : add adc
2025-01-25 18:40:03,112 [INFO] IPUIPlugin:80 - create IPUIPlugin
2025-01-25 18:40:03,112 [INFO] PluginManager:220 - loadIPPluginJar : add aes
2025-01-25 18:40:03,165 [INFO] IPUIPlugin:80 - create IPUIPlugin
2025-01-25 18:40:03,165 [INFO] PluginManager:220 - loadIPPluginJar : add can
2025-01-25 18:40:03,196 [INFO] IPUIPlugin:80 - create IPUIPlugin
2025-01-25 18:40:03,196 [INFO] PluginManager:220 - loadIPPluginJar : add comp
2025-01-25 18:40:03,238 [INFO] IPUIPlugin:80 - create IPUIPlugin
2025-01-25 18:40:03,240 [INFO] PluginManager:220 - loadIPPluginJar : add cryp
2025-01-25 18:40:03,253 [INFO] IPUIPlugin:80 - create IPUIPlugin
2025-01-25 18:40:03,253 [INFO] PluginManager:220 - loadIPPluginJar : add ddr_ctrl_phy
2025-01-25 18:40:03,318 [INFO] IPUIPlugin:80 - create IPUIPlugin
2025-01-25 18:40:03,318 [INFO] PluginManager:220 - loadIPPluginJar : add dfsdm
2025-01-25 18:40:03,334 [INFO] IPUIPlugin:80 - create IPUIPlugin
2025-01-25 18:40:03,335 [INFO] PluginManager:220 - loadIPPluginJar : add dma
2025-01-25 18:40:03,385 [INFO] IPUIPlugin:80 - create IPUIPlugin
2025-01-25 18:40:03,385 [INFO] PluginManager:220 - loadIPPluginJar : add dma3
2025-01-25 18:40:03,445 [INFO] IPUIPlugin:80 - create IPUIPlugin
2025-01-25 18:40:03,445 [INFO] PluginManager:220 - loadIPPluginJar : add extmemmanager
2025-01-25 18:40:03,472 [INFO] IPUIPlugin:80 - create IPUIPlugin
2025-01-25 18:40:03,472 [INFO] PluginManager:220 - loadIPPluginJar : add fatfs
2025-01-25 18:40:03,530 [INFO] IPUIPlugin:80 - create IPUIPlugin
2025-01-25 18:40:03,531 [INFO] PluginManager:220 - loadIPPluginJar : add fmc
2025-01-25 18:40:03,549 [INFO] IPUIPlugin:80 - create IPUIPlugin
2025-01-25 18:40:03,549 [INFO] PluginManager:220 - loadIPPluginJar : add freertos
2025-01-25 18:40:03,577 [INFO] IPUIPlugin:80 - create IPUIPlugin
2025-01-25 18:40:03,577 [INFO] PluginManager:220 - loadIPPluginJar : add genericplugin
2025-01-25 18:40:03,698 [INFO] IPUIPlugin:80 - create IPUIPlugin
2025-01-25 18:40:03,698 [INFO] PluginManager:220 - loadIPPluginJar : add gfxmmu
2025-01-25 18:40:03,872 [INFO] IPUIPlugin:80 - create IPUIPlugin
2025-01-25 18:40:03,872 [INFO] PluginManager:220 - loadIPPluginJar : add gic
2025-01-25 18:40:03,887 [INFO] IPUIPlugin:80 - create IPUIPlugin
2025-01-25 18:40:03,887 [INFO] PluginManager:220 - loadIPPluginJar : add gpio
2025-01-25 18:40:04,012 [INFO] IPUIPlugin:80 - create IPUIPlugin
2025-01-25 18:40:04,012 [INFO] PluginManager:220 - loadIPPluginJar : add gtzc
2025-01-25 18:40:04,054 [INFO] IPUIPlugin:80 - create IPUIPlugin
2025-01-25 18:40:04,054 [INFO] PluginManager:220 - loadIPPluginJar : add hash
2025-01-25 18:40:04,123 [INFO] IPUIPlugin:80 - create IPUIPlugin
2025-01-25 18:40:04,123 [INFO] PluginManager:220 - loadIPPluginJar : add i2c
2025-01-25 18:40:04,173 [INFO] IPUIPlugin:80 - create IPUIPlugin
2025-01-25 18:40:04,173 [INFO] PluginManager:220 - loadIPPluginJar : add i2s
2025-01-25 18:40:04,224 [INFO] IPUIPlugin:80 - create IPUIPlugin
2025-01-25 18:40:04,224 [INFO] PluginManager:220 - loadIPPluginJar : add i3c
2025-01-25 18:40:04,347 [INFO] IPUIPlugin:80 - create IPUIPlugin
2025-01-25 18:40:04,347 [INFO] PluginManager:220 - loadIPPluginJar : add ipddr
2025-01-25 18:40:04,469 [INFO] IPUIPlugin:80 - create IPUIPlugin
2025-01-25 18:40:04,469 [INFO] PluginManager:220 - loadIPPluginJar : add linkedlist
2025-01-25 18:40:04,515 [INFO] IPUIPlugin:80 - create IPUIPlugin
2025-01-25 18:40:04,515 [INFO] PluginManager:220 - loadIPPluginJar : add lorawan
2025-01-25 18:40:04,564 [INFO] IPUIPlugin:80 - create IPUIPlugin
2025-01-25 18:40:04,564 [INFO] PluginManager:220 - loadIPPluginJar : add ltdc
2025-01-25 18:40:04,581 [INFO] IPUIPlugin:80 - create IPUIPlugin
2025-01-25 18:40:04,581 [INFO] PluginManager:220 - loadIPPluginJar : add mdma
2025-01-25 18:40:04,596 [INFO] IPUIPlugin:80 - create IPUIPlugin
2025-01-25 18:40:04,596 [INFO] PluginManager:220 - loadIPPluginJar : add nvic
2025-01-25 18:40:04,644 [INFO] IPUIPlugin:80 - create IPUIPlugin
2025-01-25 18:40:04,644 [INFO] PluginManager:220 - loadIPPluginJar : add opamp
2025-01-25 18:40:04,723 [INFO] IPUIPlugin:80 - create IPUIPlugin
2025-01-25 18:40:04,724 [INFO] PluginManager:220 - loadIPPluginJar : add openamp
2025-01-25 18:40:04,779 [INFO] IPUIPlugin:80 - create IPUIPlugin
2025-01-25 18:40:04,779 [INFO] PluginManager:220 - loadIPPluginJar : add pdm2pcm
2025-01-25 18:40:04,796 [INFO] IPUIPlugin:80 - create IPUIPlugin
2025-01-25 18:40:04,798 [INFO] PluginManager:220 - loadIPPluginJar : add plateformsettings
2025-01-25 18:40:04,828 [INFO] IPUIPlugin:80 - create IPUIPlugin
2025-01-25 18:40:04,829 [INFO] PluginManager:220 - loadIPPluginJar : add quadspi
2025-01-25 18:40:04,862 [INFO] IPUIPlugin:80 - create IPUIPlugin
2025-01-25 18:40:04,863 [INFO] PluginManager:220 - loadIPPluginJar : add radio
2025-01-25 18:40:04,879 [INFO] IPUIPlugin:80 - create IPUIPlugin
2025-01-25 18:40:04,879 [INFO] PluginManager:220 - loadIPPluginJar : add resmgrutility
2025-01-25 18:40:04,938 [INFO] IPUIPlugin:80 - create IPUIPlugin
2025-01-25 18:40:04,938 [INFO] PluginManager:220 - loadIPPluginJar : add sai
2025-01-25 18:40:04,985 [INFO] IPUIPlugin:80 - create IPUIPlugin
2025-01-25 18:40:04,985 [INFO] PluginManager:220 - loadIPPluginJar : add spi
2025-01-25 18:40:05,067 [INFO] IPUIPlugin:80 - create IPUIPlugin
2025-01-25 18:40:05,067 [INFO] PluginManager:220 - loadIPPluginJar : add stm32_wpan
2025-01-25 18:40:05,097 [INFO] IPUIPlugin:80 - create IPUIPlugin
2025-01-25 18:40:05,097 [INFO] PluginManager:220 - loadIPPluginJar : add tim
2025-01-25 18:40:05,174 [INFO] IPUIPlugin:80 - create IPUIPlugin
2025-01-25 18:40:05,174 [INFO] PluginManager:220 - loadIPPluginJar : add touchsensing
2025-01-25 18:40:05,205 [INFO] IPUIPlugin:80 - create IPUIPlugin
2025-01-25 18:40:05,205 [INFO] PluginManager:220 - loadIPPluginJar : add tracer_emb
2025-01-25 18:40:05,235 [INFO] IPUIPlugin:80 - create IPUIPlugin
2025-01-25 18:40:05,236 [INFO] PluginManager:220 - loadIPPluginJar : add ts
2025-01-25 18:40:05,267 [INFO] IPUIPlugin:80 - create IPUIPlugin
2025-01-25 18:40:05,267 [INFO] PluginManager:220 - loadIPPluginJar : add tsc
2025-01-25 18:40:05,296 [INFO] IPUIPlugin:80 - create IPUIPlugin
2025-01-25 18:40:05,296 [INFO] PluginManager:220 - loadIPPluginJar : add ucpd
2025-01-25 18:40:05,348 [INFO] IPUIPlugin:80 - create IPUIPlugin
2025-01-25 18:40:05,350 [INFO] PluginManager:220 - loadIPPluginJar : add usart
2025-01-25 18:40:05,404 [INFO] IPUIPlugin:80 - create IPUIPlugin
2025-01-25 18:40:05,404 [INFO] PluginManager:220 - loadIPPluginJar : add usbx
2025-01-25 18:40:05,456 [INFO] ThirdPartyUpdaterWithRetryManager:70 - Updater plugin not ready yet. [2/15]
2025-01-25 18:40:05,529 [FATAL] Updater:351 - Updater called before beeing initialized
2025-01-25 18:40:05,551 [INFO] RulesReader:64 - Compatibility file has been processed (297 Rules)
2025-01-25 18:40:05,562 [INFO] RulesReader:64 - Compatibility file has been processed (297 Rules)
2025-01-25 18:40:05,570 [INFO] CADModel:165 - CPN selected for project level
2025-01-25 18:40:05,570 [INFO] CADModel:114 - Register for checkConnection events
2025-01-25 18:40:05,570 [FATAL] Updater:351 - Updater called before beeing initialized
2025-01-25 18:40:05,570 [ERROR] CADModel:125 - Updater not yet initialized, retry later 
2025-01-25 18:40:05,724 [FATAL] Updater:351 - Updater called before beeing initialized
2025-01-25 18:40:05,727 [INFO] CADModel:165 - CPN selected for project level
2025-01-25 18:40:05,727 [INFO] CADModel:114 - Register for checkConnection events
2025-01-25 18:40:05,727 [FATAL] Updater:351 - Updater called before beeing initialized
2025-01-25 18:40:05,727 [ERROR] CADModel:125 - Updater not yet initialized, retry later 
2025-01-25 18:40:05,730 [FATAL] Updater:351 - Updater called before beeing initialized
2025-01-25 18:40:05,824 [FATAL] Updater:351 - Updater called before beeing initialized
2025-01-25 18:40:05,836 [INFO] DbMcusAds:53 - JSON generation date=Tue Dec 17 23:01:15 ICT 2024 (1734451275143)
2025-01-25 18:40:05,836 [FATAL] Updater:351 - Updater called before beeing initialized
2025-01-25 18:40:05,874 [WARN] DetailPanel:346 - Failed to get advertising image, set to default
2025-01-25 18:40:06,087 [FATAL] Updater:351 - Updater called before beeing initialized
2025-01-25 18:40:06,089 [FATAL] Updater:351 - Updater called before beeing initialized
2025-01-25 18:40:06,090 [FATAL] Updater:351 - Updater called before beeing initialized
2025-01-25 18:40:06,090 [WARN] DetailPanel:346 - Failed to get advertising image, set to default
2025-01-25 18:40:06,090 [FATAL] Updater:351 - Updater called before beeing initialized
2025-01-25 18:40:06,152 [ERROR] Updater:1198 - MainUpdater not yet initialized. External WinMGr cannot be set.
2025-01-25 18:40:06,164 [INFO] Updater:1134 - Updater Version found : 6.13.0
2025-01-25 18:40:06,183 [INFO] ApplicationProperties:184 - Using Application install path: C:\ST\STM32CubeIDE_1.17.0\STM32CubeIDE\plugins\com.st.stm32cube.common.mx_6.13.0.202411220809
2025-01-25 18:40:07,770 [ERROR] LogOutputStream:75 - [STDERR_REDIRECT] Jan 25, 2025 6:40:07 PM java.util.prefs.WindowsPreferences <init>
2025-01-25 18:40:07,771 [ERROR] LogOutputStream:75 - [STDERR_REDIRECT] WARNING: Could not open/create prefs root node Software\JavaSoft\Prefs at root 0xffffffff80000002. Windows RegCreateKeyEx(...) returned error code 5.
2025-01-25 18:40:07,771 [ERROR] LogOutputStream:75 - [STDERR_REDIRECT] 
2025-01-25 18:40:08,003 [INFO] MainUpdater:2872 - connection check result : 22
2025-01-25 18:40:08,004 [INFO] MainUpdater:289 - Updater Check For Update Now.
2025-01-25 18:40:08,004 [INFO] MicroXplorer:498 - Change Database Version : DB.6.0.130
2025-01-25 18:40:08,021 [INFO] McuFinderGlobals:63 - Set McuFinder mode to 2 (CubeIDE integrated)
2025-01-25 18:40:08,030 [INFO] UserAuth:486 - Internet connection configuration mode: 2
2025-01-25 18:40:08,038 [INFO] UserAuth:486 - Internet connection configuration mode: 2
2025-01-25 18:40:08,265 [INFO] CheckServerUpdateThread:120 - End of CheckServer Thread
2025-01-25 18:40:08,675 [WARN] PackLoader:240 - Cannot read IP mode file for STMicroelectronics.FP-SNS-MOTENVWB1.1.4.0
2025-01-25 18:40:08,693 [WARN] PackLoader:240 - Cannot read IP mode file for STMicroelectronics.FP-ATR-ASTRA1.2.0.1
2025-01-25 18:40:08,710 [WARN] PackLoader:240 - Cannot read IP mode file for STMicroelectronics.X-CUBE-SMBUS.2.1.0
2025-01-25 18:40:08,727 [WARN] PackLoader:240 - Cannot read IP mode file for STMicroelectronics.X-CUBE-WB05N.1.1.0
2025-01-25 18:40:08,779 [WARN] PackLoader:240 - Cannot read IP mode file for STMicroelectronics.X-CUBE-AZRTOS-F7.1.1.0
2025-01-25 18:40:08,847 [WARN] PackLoader:240 - Cannot read IP mode file for STMicroelectronics.X-CUBE-MEMS1.11.0.0
2025-01-25 18:40:08,991 [WARN] PackLoader:240 - Cannot read IP mode file for STMicroelectronics.FP-SNS-FLIGHT1.5.0.2
2025-01-25 18:40:09,031 [WARN] PackLoader:240 - Cannot read IP mode file for Infineon.AIROC-Wi-Fi-Bluetooth-STM32.1.7.0
2025-01-25 18:40:09,058 [WARN] PackLoader:240 - Cannot read IP mode file for STMicroelectronics.X-CUBE-DISPLAY.3.0.0
2025-01-25 18:40:09,096 [WARN] PackLoader:240 - Cannot read IP mode file for STMicroelectronics.X-CUBE-BLE1.7.0.0
2025-01-25 18:40:09,117 [WARN] PackLoader:240 - Cannot read IP mode file for STMicroelectronics.X-CUBE-NFC10.1.0.0
2025-01-25 18:40:09,141 [WARN] PackLoader:240 - Cannot read IP mode file for STMicroelectronics.X-CUBE-BLEMGR.4.0.0
2025-01-25 18:40:09,159 [WARN] PackLoader:240 - Cannot read IP mode file for emotas.I-CUBE-CANOPEN.1.3.0
2025-01-25 18:40:09,177 [WARN] PackLoader:240 - Cannot read IP mode file for STMicroelectronics.X-CUBE-BLEMGR.3.1.0
2025-01-25 18:40:09,192 [WARN] PackLoader:240 - Cannot read IP mode file for STMicroelectronics.FP-SNS-SMARTAG2.1.2.0
2025-01-25 18:40:09,244 [WARN] PackLoader:240 - Cannot read IP mode file for STMicroelectronics.X-CUBE-MEMS1.11.1.0
2025-01-25 18:40:09,333 [INFO] LogOutputStream:77 - [STDOUT_REDIRECT] 1 : Invalid condition id : UX_CORESTACK_Condition cause : null
2025-01-25 18:40:09,333 [INFO] LogOutputStream:77 - [STDOUT_REDIRECT] 1 : Invalid condition id : UX_CORESTACK_Condition cause : null
2025-01-25 18:40:09,335 [INFO] LogOutputStream:77 - [STDOUT_REDIRECT] 1 : Invalid condition id : UX_CORESTACK_Condition cause : null
2025-01-25 18:40:09,335 [INFO] LogOutputStream:77 - [STDOUT_REDIRECT] 1 : Invalid condition id : UX_CORESTACK_Condition cause : null
2025-01-25 18:40:09,336 [INFO] LogOutputStream:77 - [STDOUT_REDIRECT] 1 : Invalid condition id : UX_CORESTACK_Condition cause : null
2025-01-25 18:40:09,339 [WARN] PackLoader:240 - Cannot read IP mode file for STMicroelectronics.X-CUBE-AZRTOS-WL.2.0.0
2025-01-25 18:40:09,355 [WARN] PackLoader:240 - Cannot read IP mode file for STMicroelectronics.FP-SNS-MOTENV1.5.0.0
2025-01-25 18:40:09,370 [WARN] PackLoader:240 - Cannot read IP mode file for wolfSSL.I-CUBE-wolfMQTT.1.19.0
2025-01-25 18:40:09,388 [WARN] PackLoader:240 - Cannot read IP mode file for WES.I-CUBE-Cesium.1.3.0
2025-01-25 18:40:09,406 [WARN] PackLoader:240 - Cannot read IP mode file for STMicroelectronics.X-CUBE-BLE2.3.3.0
2025-01-25 18:40:09,421 [WARN] PackLoader:240 - Cannot read IP mode file for STMicroelectronics.X-CUBE-NFC9.1.0.0
2025-01-25 18:40:09,437 [WARN] PackLoader:240 - Cannot read IP mode file for STMicroelectronics.X-CUBE-TCPP.4.1.0
2025-01-25 18:40:09,464 [WARN] PackLoader:240 - Cannot read IP mode file for STMicroelectronics.X-CUBE-AZRTOS-G0.1.1.0
2025-01-25 18:40:09,482 [WARN] PackLoader:240 - Cannot read IP mode file for STMicroelectronics.X-CUBE-SAFEA1.1.2.2
2025-01-25 18:40:09,499 [WARN] PackLoader:240 - Cannot read IP mode file for STMicroelectronics.X-CUBE-NFC4.3.0.0
2025-01-25 18:40:09,521 [WARN] PackLoader:240 - Cannot read IP mode file for EmbeddedOffice.I-CUBE-FS-RTOS.1.0.1
2025-01-25 18:40:09,535 [WARN] PackLoader:240 - Cannot read IP mode file for STMicroelectronics.X-CUBE-TCPP.4.2.0
2025-01-25 18:40:09,551 [WARN] PackLoader:240 - Cannot read IP mode file for RealThread.X-CUBE-RT-Thread_Nano.4.1.1
2025-01-25 18:40:09,565 [WARN] PackLoader:240 - Cannot read IP mode file for STMicroelectronics.FP-ATR-SIGFOX1.3.2.0
2025-01-25 18:40:09,577 [WARN] ConditionMgr:438 - getConditionDescription Invalid condition id : Cortex-A Device cause : null
2025-01-25 18:40:09,600 [WARN] ConditionMgr:1044 - genDependencies : Invalid condition id : Cortex-A Device cause : null
2025-01-25 18:40:09,600 [WARN] ConditionMgr:1044 - genDependencies : Invalid condition id : Cortex-A Device cause : null
2025-01-25 18:40:09,600 [WARN] ConditionMgr:1044 - genDependencies : Invalid condition id : Cortex-A Device cause : null
2025-01-25 18:40:09,615 [WARN] PackLoader:240 - Cannot read IP mode file for STMicroelectronics.X-CUBE-EEPRMA1.5.1.0
2025-01-25 18:40:09,630 [WARN] PackLoader:240 - Cannot read IP mode file for wolfSSL.I-CUBE-wolfSSL.5.7.4
2025-01-25 18:40:09,647 [WARN] PackLoader:240 - Cannot read IP mode file for ITTIA_DB.I-CUBE-ITTIADB.8.9.0
2025-01-25 18:40:09,677 [WARN] PackLoader:240 - Cannot read IP mode file for SEGGER.I-CUBE-embOS.1.3.1
2025-01-25 18:40:09,718 [WARN] PackLoader:240 - Cannot read IP mode file for STMicroelectronics.X-CUBE-ALGOBUILD.1.4.0
2025-01-25 18:40:09,734 [WARN] PackLoader:240 - Cannot read IP mode file for STMicroelectronics.X-CUBE-AI.9.1.0
2025-01-25 18:40:09,763 [WARN] PackLoader:240 - Cannot read IP mode file for STMicroelectronics.X-CUBE-AZRTOS-F4.1.1.0
2025-01-25 18:40:09,779 [WARN] PackLoader:240 - Cannot read IP mode file for STMicroelectronics.X-CUBE-ISPU.2.1.0
2025-01-25 18:40:09,793 [WARN] PackLoader:240 - Cannot read IP mode file for STMicroelectronics.X-CUBE-FREERTOS.1.2.0
2025-01-25 18:40:09,820 [WARN] PackLoader:240 - Cannot read IP mode file for STMicroelectronics.X-CUBE-AZRTOS-L5.2.0.0
2025-01-25 18:40:09,840 [WARN] PackLoader:240 - Cannot read IP mode file for STMicroelectronics.X-CUBE-NFC6.3.1.0
2025-01-25 18:40:09,855 [WARN] PackLoader:240 - Cannot read IP mode file for STMicroelectronics.X-CUBE-DPower.1.2.0
2025-01-25 18:40:09,870 [WARN] PackLoader:240 - Cannot read IP mode file for STMicroelectronics.X-CUBE-FREERTOS.1.3.0
2025-01-25 18:40:09,888 [WARN] PackLoader:240 - Cannot read IP mode file for STMicroelectronics.X-CUBE-NFC7.1.0.1
2025-01-25 18:40:09,916 [WARN] ConditionMgr:438 - getConditionDescription Invalid condition id : LAN8742 Phy interface Condition cause : null
2025-01-25 18:40:09,917 [WARN] PackLoader:240 - Cannot read IP mode file for STMicroelectronics.X-CUBE-AZRTOS-L4.2.0.0
2025-01-25 18:40:09,918 [WARN] ConditionMgr:1044 - genDependencies : Invalid condition id : LAN8742 Phy interface Condition cause : null
2025-01-25 18:40:09,918 [WARN] ConditionMgr:1044 - genDependencies : Invalid condition id : LAN8742 Phy interface Condition cause : null
2025-01-25 18:40:09,918 [WARN] ConditionMgr:1044 - genDependencies : Invalid condition id : LAN8742 Phy interface Condition cause : null
2025-01-25 18:40:09,936 [WARN] PackLoader:240 - Cannot read IP mode file for STMicroelectronics.X-CUBE-SFXS2LP1.4.0.0
2025-01-25 18:40:09,965 [WARN] PackLoader:240 - Cannot read IP mode file for STMicroelectronics.X-CUBE-AZRTOS-H7.3.3.0
2025-01-25 18:40:09,984 [WARN] PackLoader:240 - Cannot read IP mode file for STMicroelectronics.X-CUBE-IPS.3.0.0
2025-01-25 18:40:10,009 [WARN] ConditionMgr:438 - getConditionDescription Invalid condition id : UX DEVICE CLASS RTOS Condition cause : null
2025-01-25 18:40:10,009 [WARN] ConditionMgr:438 - getConditionDescription Invalid condition id : UX DEVICE CLASS RTOS Condition cause : null
2025-01-25 18:40:10,010 [WARN] PackLoader:240 - Cannot read IP mode file for STMicroelectronics.X-CUBE-AZRTOS-WB.2.0.0
2025-01-25 18:40:10,010 [WARN] ConditionMgr:1044 - genDependencies : Invalid condition id : UX DEVICE CLASS RTOS Condition cause : null
2025-01-25 18:40:10,010 [WARN] ConditionMgr:1044 - genDependencies : Invalid condition id : UX DEVICE CLASS RTOS Condition cause : null
2025-01-25 18:40:10,011 [WARN] ConditionMgr:1044 - genDependencies : Invalid condition id : UX DEVICE CLASS RTOS Condition cause : null
2025-01-25 18:40:10,011 [WARN] ConditionMgr:1044 - genDependencies : Invalid condition id : UX DEVICE CLASS RTOS Condition cause : null
2025-01-25 18:40:10,011 [WARN] ConditionMgr:1044 - genDependencies : Invalid condition id : UX DEVICE CLASS RTOS Condition cause : null
2025-01-25 18:40:10,026 [WARN] PackLoader:240 - Cannot read IP mode file for STMicroelectronics.X-CUBE-GNSS1.7.0.0
2025-01-25 18:40:10,042 [WARN] PackLoader:240 - Cannot read IP mode file for STMicroelectronics.X-CUBE-GNSS1.7.0.1
2025-01-25 18:40:10,057 [WARN] PackLoader:240 - Cannot read IP mode file for STMicroelectronics.FP-SNS-STBOX1.2.0.0
2025-01-25 18:40:10,075 [WARN] PackLoader:240 - Cannot read IP mode file for STMicroelectronics.X-CUBE-SUBG2.5.0.0
2025-01-25 18:40:10,101 [WARN] PackLoader:240 - Cannot read IP mode file for Cesanta.I-CUBE-Mongoose.7.13.0
2025-01-25 18:40:10,129 [WARN] PackLoader:240 - Cannot read IP mode file for STMicroelectronics.X-CUBE-AZRTOS-G4.2.0.0
2025-01-25 18:40:10,156 [WARN] PackLoader:240 - Cannot read IP mode file for STMicroelectronics.X-CUBE-IPS.3.1.0
2025-01-25 18:40:10,177 [WARN] PackLoader:240 - Cannot read IP mode file for STMicroelectronics.X-CUBE-ALS.1.0.2
2025-01-25 18:40:10,196 [WARN] PackLoader:240 - Cannot read IP mode file for STMicroelectronics.X-CUBE-TOUCHGFX.4.24.2
2025-01-25 18:40:10,210 [WARN] PackLoader:240 - Cannot read IP mode file for STMicroelectronics.X-CUBE-TOUCHGFX.4.24.1
2025-01-25 18:40:10,225 [WARN] PackLoader:240 - Cannot read IP mode file for wolfSSL.I-CUBE-wolfTPM.3.4.0
2025-01-25 18:40:10,240 [WARN] PackLoader:240 - Cannot read IP mode file for portGmbH.I-Cube-SoM-uGOAL.1.1.0
2025-01-25 18:40:10,266 [WARN] PackLoader:240 - Cannot read IP mode file for STMicroelectronics.X-CUBE-AZRTOS-H7RS.1.0.0
2025-01-25 18:40:10,286 [WARN] PackLoader:240 - Cannot read IP mode file for STMicroelectronics.X-CUBE-TOF1.3.4.2
2025-01-25 18:40:10,305 [WARN] PackLoader:240 - Cannot read IP mode file for wolfSSL.I-CUBE-wolfSSH.1.4.17
2025-01-25 18:40:10,305 [INFO] ThirdParty:978 - Integrity check success = true
2025-01-25 18:40:10,305 [INFO] IntegrityCheckThread:100 - exiting critical section [integrity check]
2025-01-25 18:40:10,305 [INFO] IntegrityCheckThread:103 - End integrity checks thread
2025-01-25 19:48:34,187 [ERROR] LogOutputStream:75 - [STDERR_REDIRECT] 
