../Core/Src/main.c:84:6:HAL_UART_RxCpltCallback	16	static
../Core/Src/main.c:92:6:formatStr	16	static
../Core/Src/main.c:129:6:title_line	8	static
../Core/Src/main.c:150:5:main	8	static
../Core/Src/main.c:323:6:SystemClock_Config	88	static
../Core/Src/main.c:365:13:MX_USART1_UART_Init	8	static
../Core/Src/main.c:400:13:MX_USART2_UART_Init	8	static
../Core/Src/main.c:435:13:MX_USART3_UART_Init	8	static
../Core/Src/main.c:470:13:MX_GPIO_Init	40	static
../Core/Src/main.c:500:6:MPU_Config	24	static
../Core/Src/main.c:531:6:Error_Handler	4	static,ignoring_inline_asm
