../Drivers/CMSIS/Include/core_cm7.h:2229:22:SCB_EnableICache	1
../Drivers/CMSIS/Include/core_cm7.h:2281:22:SCB_EnableDCache	3
../Core/Src/main.c:50:10:ILI9341_Color565	1
../Core/Src/main.c:99:6:read_AM2320	1
../Core/Src/main.c:118:5:_write	1
../Core/Src/main.c:124:6:adjust_backlight	2
../Core/Src/main.c:153:6:ILI9341_Draw_Image_Scaled	4
../Core/Src/main.c:207:6:update_percentage_bar	7
../Core/Src/main.c:264:5:main	33
../Core/Src/main.c:451:6:SystemClock_Config	4
../Core/Src/main.c:512:6:Error_Handler	1
